Archive member included to satisfy reference by file (symbol)

e:/gcc-arm-none-eabi-10.3-2021.10/bin/../lib/gcc/arm-none-eabi/10.3.1/thumb/v7e-m/nofp\libgcc.a(_aeabi_uldivmod.o)
                              CMakeFiles/STM32F407.elf.dir/Drivers/STM32F4xx_HAL_Driver/Src/stm32f4xx_hal_rcc.c.obj (__aeabi_uldivmod)
e:/gcc-arm-none-eabi-10.3-2021.10/bin/../lib/gcc/arm-none-eabi/10.3.1/thumb/v7e-m/nofp\libgcc.a(_udivmoddi4.o)
                              e:/gcc-arm-none-eabi-10.3-2021.10/bin/../lib/gcc/arm-none-eabi/10.3.1/thumb/v7e-m/nofp\libgcc.a(_aeabi_uldivmod.o) (__udivmoddi4)
e:/gcc-arm-none-eabi-10.3-2021.10/bin/../lib/gcc/arm-none-eabi/10.3.1/thumb/v7e-m/nofp\libgcc.a(_dvmd_tls.o)
                              e:/gcc-arm-none-eabi-10.3-2021.10/bin/../lib/gcc/arm-none-eabi/10.3.1/thumb/v7e-m/nofp\libgcc.a(_aeabi_uldivmod.o) (__aeabi_ldiv0)
e:/gcc-arm-none-eabi-10.3-2021.10/bin/../lib/gcc/arm-none-eabi/10.3.1/../../../../arm-none-eabi/lib/thumb/v7e-m/nofp\libg.a(lib_a-errno.o)
                              CMakeFiles/STM32F407.elf.dir/Src/syscalls.c.obj (__errno)
e:/gcc-arm-none-eabi-10.3-2021.10/bin/../lib/gcc/arm-none-eabi/10.3.1/../../../../arm-none-eabi/lib/thumb/v7e-m/nofp\libg.a(lib_a-exit.o)
                              e:/gcc-arm-none-eabi-10.3-2021.10/bin/../lib/gcc/arm-none-eabi/10.3.1/../../../../arm-none-eabi/lib/thumb/v7e-m/nofp/crt0.o (exit)
e:/gcc-arm-none-eabi-10.3-2021.10/bin/../lib/gcc/arm-none-eabi/10.3.1/../../../../arm-none-eabi/lib/thumb/v7e-m/nofp\libg.a(lib_a-impure.o)
                              e:/gcc-arm-none-eabi-10.3-2021.10/bin/../lib/gcc/arm-none-eabi/10.3.1/../../../../arm-none-eabi/lib/thumb/v7e-m/nofp\libg.a(lib_a-exit.o) (_global_impure_ptr)
e:/gcc-arm-none-eabi-10.3-2021.10/bin/../lib/gcc/arm-none-eabi/10.3.1/../../../../arm-none-eabi/lib/thumb/v7e-m/nofp\libg.a(lib_a-init.o)
                              e:/gcc-arm-none-eabi-10.3-2021.10/bin/../lib/gcc/arm-none-eabi/10.3.1/../../../../arm-none-eabi/lib/thumb/v7e-m/nofp/crt0.o (__libc_init_array)
e:/gcc-arm-none-eabi-10.3-2021.10/bin/../lib/gcc/arm-none-eabi/10.3.1/../../../../arm-none-eabi/lib/thumb/v7e-m/nofp\libg.a(lib_a-memset.o)
                              e:/gcc-arm-none-eabi-10.3-2021.10/bin/../lib/gcc/arm-none-eabi/10.3.1/../../../../arm-none-eabi/lib/thumb/v7e-m/nofp/crt0.o (memset)
e:/gcc-arm-none-eabi-10.3-2021.10/bin/../lib/gcc/arm-none-eabi/10.3.1/../../../../arm-none-eabi/lib/thumb/v7e-m/nofp\libg.a(lib_a-puts.o)
                              CMakeFiles/STM32F407.elf.dir/Src/main.c.obj (puts)
e:/gcc-arm-none-eabi-10.3-2021.10/bin/../lib/gcc/arm-none-eabi/10.3.1/../../../../arm-none-eabi/lib/thumb/v7e-m/nofp\libg.a(lib_a-strlen.o)
                              e:/gcc-arm-none-eabi-10.3-2021.10/bin/../lib/gcc/arm-none-eabi/10.3.1/../../../../arm-none-eabi/lib/thumb/v7e-m/nofp\libg.a(lib_a-puts.o) (strlen)
e:/gcc-arm-none-eabi-10.3-2021.10/bin/../lib/gcc/arm-none-eabi/10.3.1/../../../../arm-none-eabi/lib/thumb/v7e-m/nofp\libg.a(lib_a-__call_atexit.o)
                              e:/gcc-arm-none-eabi-10.3-2021.10/bin/../lib/gcc/arm-none-eabi/10.3.1/../../../../arm-none-eabi/lib/thumb/v7e-m/nofp\libg.a(lib_a-exit.o) (__call_exitprocs)
e:/gcc-arm-none-eabi-10.3-2021.10/bin/../lib/gcc/arm-none-eabi/10.3.1/../../../../arm-none-eabi/lib/thumb/v7e-m/nofp\libg.a(lib_a-atexit.o)
                              e:/gcc-arm-none-eabi-10.3-2021.10/bin/../lib/gcc/arm-none-eabi/10.3.1/../../../../arm-none-eabi/lib/thumb/v7e-m/nofp\libg.a(lib_a-__call_atexit.o) (atexit)
e:/gcc-arm-none-eabi-10.3-2021.10/bin/../lib/gcc/arm-none-eabi/10.3.1/../../../../arm-none-eabi/lib/thumb/v7e-m/nofp\libg.a(lib_a-findfp.o)
                              e:/gcc-arm-none-eabi-10.3-2021.10/bin/../lib/gcc/arm-none-eabi/10.3.1/../../../../arm-none-eabi/lib/thumb/v7e-m/nofp\libg.a(lib_a-puts.o) (__sinit)
e:/gcc-arm-none-eabi-10.3-2021.10/bin/../lib/gcc/arm-none-eabi/10.3.1/../../../../arm-none-eabi/lib/thumb/v7e-m/nofp\libg.a(lib_a-fini.o)
                              e:/gcc-arm-none-eabi-10.3-2021.10/bin/../lib/gcc/arm-none-eabi/10.3.1/../../../../arm-none-eabi/lib/thumb/v7e-m/nofp\libg.a(lib_a-__call_atexit.o) (__libc_fini_array)
e:/gcc-arm-none-eabi-10.3-2021.10/bin/../lib/gcc/arm-none-eabi/10.3.1/../../../../arm-none-eabi/lib/thumb/v7e-m/nofp\libg.a(lib_a-fvwrite.o)
                              e:/gcc-arm-none-eabi-10.3-2021.10/bin/../lib/gcc/arm-none-eabi/10.3.1/../../../../arm-none-eabi/lib/thumb/v7e-m/nofp\libg.a(lib_a-puts.o) (__sfvwrite_r)
e:/gcc-arm-none-eabi-10.3-2021.10/bin/../lib/gcc/arm-none-eabi/10.3.1/../../../../arm-none-eabi/lib/thumb/v7e-m/nofp\libg.a(lib_a-fwalk.o)
                              e:/gcc-arm-none-eabi-10.3-2021.10/bin/../lib/gcc/arm-none-eabi/10.3.1/../../../../arm-none-eabi/lib/thumb/v7e-m/nofp\libg.a(lib_a-findfp.o) (_fwalk)
e:/gcc-arm-none-eabi-10.3-2021.10/bin/../lib/gcc/arm-none-eabi/10.3.1/../../../../arm-none-eabi/lib/thumb/v7e-m/nofp\libg.a(lib_a-lock.o)
[...]
Memory Configuration

Name             Origin             Length             Attributes
CCMRAM           0x10000000         0x00010000         xrw
RAM              0x20000000         0x00020000         xrw
FLASH            0x08000000         0x00100000         xr
*default*        0x00000000         0xffffffff

Linker script and memory map

LOAD e:/gcc-arm-none-eabi-10.3-2021.10/bin/../lib/gcc/arm-none-eabi/10.3.1/thumb/v7e-m/nofp/crti.o
LOAD e:/gcc-arm-none-eabi-10.3-2021.10/bin/../lib/gcc/arm-none-eabi/10.3.1/thumb/v7e-m/nofp/crtbegin.o
LOAD e:/gcc-arm-none-eabi-10.3-2021.10/bin/../lib/gcc/arm-none-eabi/10.3.1/../../../../arm-none-eabi/lib/thumb/v7e-m/nofp/crt0.o
LOAD CMakeFiles/STM32F407.elf.dir/Drivers/STM32F4xx_HAL_Driver/Src/stm32f4xx_hal.c.obj
LOAD CMakeFiles/STM32F407.elf.dir/Drivers/STM32F4xx_HAL_Driver/Src/stm32f4xx_hal_cortex.c.obj
LOAD CMakeFiles/STM32F407.elf.dir/Drivers/STM32F4xx_HAL_Driver/Src/stm32f4xx_hal_dcmi.c.obj
LOAD CMakeFiles/STM32F407.elf.dir/Drivers/STM32F4xx_HAL_Driver/Src/stm32f4xx_hal_dcmi_ex.c.obj
LOAD CMakeFiles/STM32F407.elf.dir/Drivers/STM32F4xx_HAL_Driver/Src/stm32f4xx_hal_dma.c.obj
LOAD CMakeFiles/STM32F407.elf.dir/Drivers/STM32F4xx_HAL_Driver/Src/stm32f4xx_hal_dma_ex.c.obj
LOAD CMakeFiles/STM32F407.elf.dir/Drivers/STM32F4xx_HAL_Driver/Src/stm32f4xx_hal_exti.c.obj
LOAD CMakeFiles/STM32F407.elf.dir/Drivers/STM32F4xx_HAL_Driver/Src/stm32f4xx_hal_flash.c.obj
LOAD CMakeFiles/STM32F407.elf.dir/Drivers/STM32F4xx_HAL_Driver/Src/stm32f4xx_hal_flash_ex.c.obj
LOAD CMakeFiles/STM32F407.elf.dir/Drivers/STM32F4xx_HAL_Driver/Src/stm32f4xx_hal_flash_ramfunc.c.obj
LOAD CMakeFiles/STM32F407.elf.dir/Drivers/STM32F4xx_HAL_Driver/Src/stm32f4xx_hal_gpio.c.obj
LOAD CMakeFiles/STM32F407.elf.dir/Drivers/STM32F4xx_HAL_Driver/Src/stm32f4xx_hal_i2c.c.obj
LOAD CMakeFiles/STM32F407.elf.dir/Drivers/STM32F4xx_HAL_Driver/Src/stm32f4xx_hal_i2c_ex.c.obj
LOAD CMakeFiles/STM32F407.elf.dir/Drivers/STM32F4xx_HAL_Driver/Src/stm32f4xx_hal_pwr.c.obj
LOAD CMakeFiles/STM32F407.elf.dir/Drivers/STM32F4xx_HAL_Driver/Src/stm32f4xx_hal_pwr_ex.c.obj
LOAD CMakeFiles/STM32F407.elf.dir/Drivers/STM32F4xx_HAL_Driver/Src/stm32f4xx_hal_rcc.c.obj
LOAD CMakeFiles/STM32F407.elf.dir/Drivers/STM32F4xx_HAL_Driver/Src/stm32f4xx_hal_rcc_ex.c.obj
LOAD CMakeFiles/STM32F407.elf.dir/Drivers/STM32F4xx_HAL_Driver/Src/stm32f4xx_hal_tim.c.obj
LOAD CMakeFiles/STM32F407.elf.dir/Drivers/STM32F4xx_HAL_Driver/Src/stm32f4xx_hal_tim_ex.c.obj
LOAD CMakeFiles/STM32F407.elf.dir/Drivers/STM32F4xx_HAL_Driver/Src/stm32f4xx_hal_uart.c.obj
LOAD CMakeFiles/STM32F407.elf.dir/Src/main.c.obj
LOAD CMakeFiles/STM32F407.elf.dir/Src/stm32f4xx_hal_msp.c.obj
LOAD CMakeFiles/STM32F407.elf.dir/Src/stm32f4xx_it.c.obj
LOAD CMakeFiles/STM32F407.elf.dir/Src/syscalls.c.obj
LOAD CMakeFiles/STM32F407.elf.dir/Src/sysmem.c.obj
LOAD CMakeFiles/STM32F407.elf.dir/Src/system_stm32f4xx.c.obj
LOAD CMakeFiles/STM32F407.elf.dir/Startup/startup_stm32f407vgtx.s.obj
START GROUP
LOAD e:/gcc-arm-none-eabi-10.3-2021.10/bin/../lib/gcc/arm-none-eabi/10.3.1/thumb/v7e-m/nofp\libgcc.a
LOAD e:/gcc-arm-none-eabi-10.3-2021.10/bin/../lib/gcc/arm-none-eabi/10.3.1/../../../../arm-none-eabi/lib/thumb/v7e-m/nofp\libg.a
LOAD e:/gcc-arm-none-eabi-10.3-2021.10/bin/../lib/gcc/arm-none-eabi/10.3.1/../../../../arm-none-eabi/lib/thumb/v7e-m/nofp\libc.a
END GROUP
LOAD e:/gcc-arm-none-eabi-10.3-2021.10/bin/../lib/gcc/arm-none-eabi/10.3.1/thumb/v7e-m/nofp/crtend.o
LOAD e:/gcc-arm-none-eabi-10.3-2021.10/bin/../lib/gcc/arm-none-eabi/10.3.1/thumb/v7e-m/nofp/crtn.o
                0x20020000                _estack = (ORIGIN (RAM) + LENGTH (RAM))
                0x00000200                _Min_Heap_Size = 0x200
                0x00000400                _Min_Stack_Size = 0x400

.isr_vector     0x08000000      0x188
                0x08000000                . = ALIGN (0x4)
 *(.isr_vector)
 .isr_vector    0x08000000      0x188 CMakeFiles/STM32F407.elf.dir/Startup/startup_stm32f407vgtx.s.obj
                0x08000000                g_pfnVectors
                0x08000188                . = ALIGN (0x4)

.text           0x080001c0     0x3e9c
                0x080001c0                . = ALIGN (0x4)
 *(.text)
 .text          0x080001c0       0x40 e:/gcc-arm-none-eabi-10.3-2021.10/bin/../lib/gcc/arm-none-eabi/10.3.1/thumb/v7e-m/nofp/crtbegin.o
 .text          0x08000200       0x30 e:/gcc-arm-none-eabi-10.3-2021.10/bin/../lib/gcc/arm-none-eabi/10.3.1/thumb/v7e-m/nofp\libgcc.a(_aeabi_uldivmod.o)
                0x08000200                __aeabi_uldivmod
 .text          0x08000230      0x2d0 e:/gcc-arm-none-eabi-10.3-2021.10/bin/../lib/gcc/arm-none-eabi/10.3.1/thumb/v7e-m/nofp\libgcc.a(_udivmoddi4.o)
                0x08000230                __udivmoddi4
 .text          0x08000500        0x4 e:/gcc-arm-none-eabi-10.3-2021.10/bin/../lib/gcc/arm-none-eabi/10.3.1/thumb/v7e-m/nofp\libgcc.a(_dvmd_tls.o)
                0x08000500                __aeabi_idiv0
                0x08000500                __aeabi_ldiv0
 *fill*         0x08000504       0x3c 
 .text          0x08000540       0xdc e:/gcc-arm-none-eabi-10.3-2021.10/bin/../lib/gcc/arm-none-eabi/10.3.1/../../../../arm-none-eabi/lib/thumb/v7e-m/nofp\libg.a(lib_a-strlen.o)
                0x08000540                strlen
 *fill*         0x0800061c        0x4 
 .text          0x08000620       0xa0 e:/gcc-arm-none-eabi-10.3-2021.10/bin/../lib/gcc/arm-none-eabi/10.3.1/../../../../arm-none-eabi/lib/thumb/v7e-m/nofp\libg.a(lib_a-memchr.o)
                0x08000620                memchr
 .text          0x080006c0      0x134 e:/gcc-arm-none-eabi-10.3-2021.10/bin/../lib/gcc/arm-none-eabi/10.3.1/../../../../arm-none-eabi/lib/thumb/v7e-m/nofp\libg.a(lib_a-memcpy.o)
                0x080006c0                memcpy
 *(.text*)
 .text.HAL_InitTick
                0x080007f4       0x4c CMakeFiles/STM32F407.elf.dir/Drivers/STM32F4xx_HAL_Driver/Src/stm32f4xx_hal.c.obj
                0x080007f4                HAL_InitTick
 .text.HAL_Init
                0x08000840       0x34 CMakeFiles/STM32F407.elf.dir/Drivers/STM32F4xx_HAL_Driver/Src/stm32f4xx_hal.c.obj
                0x08000840                HAL_Init
 .text.HAL_IncTick
                0x08000874       0x18 CMakeFiles/STM32F407.elf.dir/Drivers/STM32F4xx_HAL_Driver/Src/stm32f4xx_hal.c.obj
                0x08000874                HAL_IncTick
 .text.HAL_GetTick
                0x0800088c        0xc CMakeFiles/STM32F407.elf.dir/Drivers/STM32F4xx_HAL_Driver/Src/stm32f4xx_hal.c.obj
                0x0800088c                HAL_GetTick
 .text.HAL_Delay
                0x08000898       0x28 CMakeFiles/STM32F407.elf.dir/Drivers/STM32F4xx_HAL_Driver/Src/stm32f4xx_hal.c.obj
                0x08000898                HAL_Delay
 .text.HAL_NVIC_SetPriorityGrouping
                0x080008c0       0x24 CMakeFiles/STM32F407.elf.dir/Drivers/STM32F4xx_HAL_Driver/Src/stm32f4xx_hal_cortex.c.obj
                0x080008c0                HAL_NVIC_SetPriorityGrouping
 .text.HAL_NVIC_SetPriority
                0x080008e4       0x70 CMakeFiles/STM32F407.elf.dir/Drivers/STM32F4xx_HAL_Driver/Src/stm32f4xx_hal_cortex.c.obj
                0x080008e4                HAL_NVIC_SetPriority
 .text.HAL_NVIC_EnableIRQ
                0x08000954       0x1c CMakeFiles/STM32F407.elf.dir/Drivers/STM32F4xx_HAL_Driver/Src/stm32f4xx_hal_cortex.c.obj
                0x08000954                HAL_NVIC_EnableIRQ
 .text.HAL_SYSTICK_Config
                0x08000970       0x28 CMakeFiles/STM32F407.elf.dir/Drivers/STM32F4xx_HAL_Driver/Src/stm32f4xx_hal_cortex.c.obj
                0x08000970                HAL_SYSTICK_Config
 .text.HAL_DCMI_ErrorCallback
                0x08000998        0x2 CMakeFiles/STM32F407.elf.dir/Drivers/STM32F4xx_HAL_Driver/Src/stm32f4xx_hal_dcmi.c.obj
                0x08000998                HAL_DCMI_ErrorCallback
 .text.DCMI_DMAError
                0x0800099a       0x18 CMakeFiles/STM32F407.elf.dir/Drivers/STM32F4xx_HAL_Driver/Src/stm32f4xx_hal_dcmi.c.obj
 .text.HAL_DCMI_LineEventCallback
                0x080009b2        0x2 CMakeFiles/STM32F407.elf.dir/Drivers/STM32F4xx_HAL_Driver/Src/stm32f4xx_hal_dcmi.c.obj
                0x080009b2                HAL_DCMI_LineEventCallback
 .text.HAL_DCMI_VsyncEventCallback
                0x080009b4        0x2 CMakeFiles/STM32F407.elf.dir/Drivers/STM32F4xx_HAL_Driver/Src/stm32f4xx_hal_dcmi.c.obj
                0x080009b4                HAL_DCMI_VsyncEventCallback
 .text.HAL_DCMI_FrameEventCallback
                0x080009b6        0x2 CMakeFiles/STM32F407.elf.dir/Drivers/STM32F4xx_HAL_Driver/Src/stm32f4xx_hal_dcmi.c.obj
                0x080009b6                HAL_DCMI_FrameEventCallback
 .text.HAL_DCMI_IRQHandler
                0x080009b8       0xac CMakeFiles/STM32F407.elf.dir/Drivers/STM32F4xx_HAL_Driver/Src/stm32f4xx_hal_dcmi.c.obj
                0x080009b8                HAL_DCMI_IRQHandler
 .text.HAL_DCMI_Init
                0x08000a64       0x8e CMakeFiles/STM32F407.elf.dir/Drivers/STM32F4xx_HAL_Driver/Src/stm32f4xx_hal_dcmi_ex.c.obj
                0x08000a64                HAL_DCMI_Init
 *fill*         0x08000af2        0x2 
 .text.DMA_CalcBaseAndBitshift
                0x08000af4       0x40 CMakeFiles/STM32F407.elf.dir/Drivers/STM32F4xx_HAL_Driver/Src/stm32f4xx_hal_dma.c.obj
 .text.DMA_CheckFifoParam
                0x08000b34       0x8e CMakeFiles/STM32F407.elf.dir/Drivers/STM32F4xx_HAL_Driver/Src/stm32f4xx_hal_dma.c.obj
 *fill*         0x08000bc2        0x2 
 .text.HAL_DMA_Init
                0x08000bc4       0xcc CMakeFiles/STM32F407.elf.dir/Drivers/STM32F4xx_HAL_Driver/Src/stm32f4xx_hal_dma.c.obj
                0x08000bc4                HAL_DMA_Init
 .text.HAL_DMA_Abort
                0x08000c90       0x94 CMakeFiles/STM32F407.elf.dir/Drivers/STM32F4xx_HAL_Driver/Src/stm32f4xx_hal_dma.c.obj
                0x08000c90                HAL_DMA_Abort
 .text.HAL_DMA_Abort_IT
                0x08000d24       0x26 CMakeFiles/STM32F407.elf.dir/Drivers/STM32F4xx_HAL_Driver/Src/stm32f4xx_hal_dma.c.obj
                0x08000d24                HAL_DMA_Abort_IT
 *fill*         0x08000d4a        0x2 
 .text.HAL_DMA_IRQHandler
                0x08000d4c      0x1dc CMakeFiles/STM32F407.elf.dir/Drivers/STM32F4xx_HAL_Driver/Src/stm32f4xx_hal_dma.c.obj
                0x08000d4c                HAL_DMA_IRQHandler
 .text.HAL_GPIO_Init
                0x08000f28      0x1e4 CMakeFiles/STM32F407.elf.dir/Drivers/STM32F4xx_HAL_Driver/Src/stm32f4xx_hal_gpio.c.obj
                0x08000f28                HAL_GPIO_Init
 .text.HAL_GPIO_WritePin
                0x0800110c        0xc CMakeFiles/STM32F407.elf.dir/Drivers/STM32F4xx_HAL_Driver/Src/stm32f4xx_hal_gpio.c.obj
                0x0800110c                HAL_GPIO_WritePin
 .text.HAL_GPIO_TogglePin
                0x08001118       0x12 CMakeFiles/STM32F407.elf.dir/Drivers/STM32F4xx_HAL_Driver/Src/stm32f4xx_hal_gpio.c.obj
                0x08001118                HAL_GPIO_TogglePin
 *fill*         0x0800112a        0x2 
 .text.HAL_I2C_Init
                0x0800112c      0x1bc CMakeFiles/STM32F407.elf.dir/Drivers/STM32F4xx_HAL_Driver/Src/stm32f4xx_hal_i2c.c.obj
                0x0800112c                HAL_I2C_Init
 .text.HAL_RCC_OscConfig
                0x080012e8      0x3f8 CMakeFiles/STM32F407.elf.dir/Drivers/STM32F4xx_HAL_Driver/Src/stm32f4xx_hal_rcc.c.obj
                0x080012e8                HAL_RCC_OscConfig
 .text.HAL_RCC_MCOConfig
                0x080016e0       0x9c CMakeFiles/STM32F407.elf.dir/Drivers/STM32F4xx_HAL_Driver/Src/stm32f4xx_hal_rcc.c.obj
                0x080016e0                HAL_RCC_MCOConfig
 .text.HAL_RCC_EnableCSS
                0x0800177c        0xc CMakeFiles/STM32F407.elf.dir/Drivers/STM32F4xx_HAL_Driver/Src/stm32f4xx_hal_rcc.c.obj
                0x0800177c                HAL_RCC_EnableCSS
 .text.HAL_RCC_GetSysClockFreq
                0x08001788       0xd4 CMakeFiles/STM32F407.elf.dir/Drivers/STM32F4xx_HAL_Driver/Src/stm32f4xx_hal_rcc.c.obj
                0x08001788                HAL_RCC_GetSysClockFreq
 .text.HAL_RCC_ClockConfig
                0x0800185c      0x160 CMakeFiles/STM32F407.elf.dir/Drivers/STM32F4xx_HAL_Driver/Src/stm32f4xx_hal_rcc.c.obj
                0x0800185c                HAL_RCC_ClockConfig
 .text.HAL_RCC_GetHCLKFreq
                0x080019bc        0xc CMakeFiles/STM32F407.elf.dir/Drivers/STM32F4xx_HAL_Driver/Src/stm32f4xx_hal_rcc.c.obj
                0x080019bc                HAL_RCC_GetHCLKFreq
 .text.HAL_RCC_GetPCLK1Freq
                0x080019c8       0x20 CMakeFiles/STM32F407.elf.dir/Drivers/STM32F4xx_HAL_Driver/Src/stm32f4xx_hal_rcc.c.obj
                0x080019c8                HAL_RCC_GetPCLK1Freq
 .text.HAL_RCC_GetPCLK2Freq
                0x080019e8       0x20 CMakeFiles/STM32F407.elf.dir/Drivers/STM32F4xx_HAL_Driver/Src/stm32f4xx_hal_rcc.c.obj
                0x080019e8                HAL_RCC_GetPCLK2Freq
 .text.HAL_RCC_CSSCallback
                0x08001a08        0x2 CMakeFiles/STM32F407.elf.dir/Drivers/STM32F4xx_HAL_Driver/Src/stm32f4xx_hal_rcc.c.obj
                0x08001a08                HAL_RCC_CSSCallback
 *fill*         0x08001a0a        0x2 
 .text.HAL_RCC_NMI_IRQHandler
                0x08001a0c       0x20 CMakeFiles/STM32F407.elf.dir/Drivers/STM32F4xx_HAL_Driver/Src/stm32f4xx_hal_rcc.c.obj
                0x08001a0c                HAL_RCC_NMI_IRQHandler
 .text.UART_EndRxTransfer
                0x08001a2c       0x5c CMakeFiles/STM32F407.elf.dir/Drivers/STM32F4xx_HAL_Driver/Src/stm32f4xx_hal_uart.c.obj
 .text.UART_Transmit_IT
                0x08001a88       0x60 CMakeFiles/STM32F407.elf.dir/Drivers/STM32F4xx_HAL_Driver/Src/stm32f4xx_hal_uart.c.obj
 .text.UART_SetConfig
                0x08001ae8      0x110 CMakeFiles/STM32F407.elf.dir/Drivers/STM32F4xx_HAL_Driver/Src/stm32f4xx_hal_uart.c.obj
 .text.HAL_UART_Init
                0x08001bf8       0x60 CMakeFiles/STM32F407.elf.dir/Drivers/STM32F4xx_HAL_Driver/Src/stm32f4xx_hal_uart.c.obj
                0x08001bf8                HAL_UART_Init
 .text.UART_EndTransmit_IT
                0x08001c58       0x1a CMakeFiles/STM32F407.elf.dir/Drivers/STM32F4xx_HAL_Driver/Src/stm32f4xx_hal_uart.c.obj
 .text.HAL_UART_RxCpltCallback
                0x08001c72        0x2 CMakeFiles/STM32F407.elf.dir/Drivers/STM32F4xx_HAL_Driver/Src/stm32f4xx_hal_uart.c.obj
                0x08001c72                HAL_UART_RxCpltCallback
 .text.HAL_UART_ErrorCallback
                0x08001c74        0x2 CMakeFiles/STM32F407.elf.dir/Drivers/STM32F4xx_HAL_Driver/Src/stm32f4xx_hal_uart.c.obj
                0x08001c74                HAL_UART_ErrorCallback
 .text.UART_DMAAbortOnError
                0x08001c76       0x10 CMakeFiles/STM32F407.elf.dir/Drivers/STM32F4xx_HAL_Driver/Src/stm32f4xx_hal_uart.c.obj
 .text.HAL_UARTEx_RxEventCallback
                0x08001c86        0x2 CMakeFiles/STM32F407.elf.dir/Drivers/STM32F4xx_HAL_Driver/Src/stm32f4xx_hal_uart.c.obj
                0x08001c86                HAL_UARTEx_RxEventCallback
 .text.UART_Receive_IT
                0x08001c88       0xe6 CMakeFiles/STM32F407.elf.dir/Drivers/STM32F4xx_HAL_Driver/Src/stm32f4xx_hal_uart.c.obj
 *fill*         0x08001d6e        0x2 
 .text.HAL_UART_IRQHandler
                0x08001d70      0x288 CMakeFiles/STM32F407.elf.dir/Drivers/STM32F4xx_HAL_Driver/Src/stm32f4xx_hal_uart.c.obj
                0x08001d70                HAL_UART_IRQHandler
 .text.MX_GPIO_Init
                0x08001ff8       0xe8 CMakeFiles/STM32F407.elf.dir/Src/main.c.obj
 .text.MX_DMA_Init
                0x080020e0       0x34 CMakeFiles/STM32F407.elf.dir/Src/main.c.obj
 .text.HAL_UART_TxCpltCallback
                0x08002114       0x20 CMakeFiles/STM32F407.elf.dir/Src/main.c.obj
                0x08002114                HAL_UART_TxCpltCallback
 .text.Error_Handler
                0x08002134        0x4 CMakeFiles/STM32F407.elf.dir/Src/main.c.obj
                0x08002134                Error_Handler
 .text.MX_DCMI_Init
                0x08002138       0x34 CMakeFiles/STM32F407.elf.dir/Src/main.c.obj
 .text.MX_I2C1_Init
                0x0800216c       0x38 CMakeFiles/STM32F407.elf.dir/Src/main.c.obj
 .text.MX_USART1_UART_Init
                0x080021a4       0x34 CMakeFiles/STM32F407.elf.dir/Src/main.c.obj
 .text.SystemClock_Config
                0x080021d8       0xb8 CMakeFiles/STM32F407.elf.dir/Src/main.c.obj
                0x080021d8                SystemClock_Config
 .text.main     0x08002290       0x40 CMakeFiles/STM32F407.elf.dir/Src/main.c.obj
                0x08002290                main
 .text.HAL_MspInit
                0x080022d0       0x38 CMakeFiles/STM32F407.elf.dir/Src/stm32f4xx_hal_msp.c.obj
                0x080022d0                HAL_MspInit
 .text.HAL_DCMI_MspInit
                0x08002308      0x144 CMakeFiles/STM32F407.elf.dir/Src/stm32f4xx_hal_msp.c.obj
                0x08002308                HAL_DCMI_MspInit
 .text.HAL_I2C_MspInit
                0x0800244c       0x70 CMakeFiles/STM32F407.elf.dir/Src/stm32f4xx_hal_msp.c.obj
                0x0800244c                HAL_I2C_MspInit
 .text.HAL_UART_MspInit
                0x080024bc       0xc0 CMakeFiles/STM32F407.elf.dir/Src/stm32f4xx_hal_msp.c.obj
                0x080024bc                HAL_UART_MspInit
 .text.NMI_Handler
                0x0800257c        0x8 CMakeFiles/STM32F407.elf.dir/Src/stm32f4xx_it.c.obj
                0x0800257c                NMI_Handler
 .text.HardFault_Handler
                0x08002584        0x2 CMakeFiles/STM32F407.elf.dir/Src/stm32f4xx_it.c.obj
                0x08002584                HardFault_Handler
 .text.MemManage_Handler
                0x08002586        0x2 CMakeFiles/STM32F407.elf.dir/Src/stm32f4xx_it.c.obj
                0x08002586                MemManage_Handler
 .text.BusFault_Handler
                0x08002588        0x2 CMakeFiles/STM32F407.elf.dir/Src/stm32f4xx_it.c.obj
                0x08002588                BusFault_Handler
 .text.UsageFault_Handler
                0x0800258a        0x2 CMakeFiles/STM32F407.elf.dir/Src/stm32f4xx_it.c.obj
                0x0800258a                UsageFault_Handler
 .text.SVC_Handler
                0x0800258c        0x2 CMakeFiles/STM32F407.elf.dir/Src/stm32f4xx_it.c.obj
                0x0800258c                SVC_Handler
 .text.DebugMon_Handler
                0x0800258e        0x2 CMakeFiles/STM32F407.elf.dir/Src/stm32f4xx_it.c.obj
                0x0800258e                DebugMon_Handler
 .text.PendSV_Handler
                0x08002590        0x2 CMakeFiles/STM32F407.elf.dir/Src/stm32f4xx_it.c.obj
                0x08002590                PendSV_Handler
 .text.SysTick_Handler
                0x08002592        0x8 CMakeFiles/STM32F407.elf.dir/Src/stm32f4xx_it.c.obj
                0x08002592                SysTick_Handler
 *fill*         0x0800259a        0x2 
 .text.USART1_IRQHandler
                0x0800259c       0x10 CMakeFiles/STM32F407.elf.dir/Src/stm32f4xx_it.c.obj
                0x0800259c                USART1_IRQHandler
 .text.DMA2_Stream7_IRQHandler
                0x080025ac       0x10 CMakeFiles/STM32F407.elf.dir/Src/stm32f4xx_it.c.obj
                0x080025ac                DMA2_Stream7_IRQHandler
 .text.DCMI_IRQHandler
                0x080025bc       0x10 CMakeFiles/STM32F407.elf.dir/Src/stm32f4xx_it.c.obj
                0x080025bc                DCMI_IRQHandler
 .text._read    0x080025cc       0x20 CMakeFiles/STM32F407.elf.dir/Src/syscalls.c.obj
                0x080025cc                _read
 .text._write   0x080025ec       0x1c CMakeFiles/STM32F407.elf.dir/Src/syscalls.c.obj
                0x080025ec                _write
 .text._close   0x08002608        0x6 CMakeFiles/STM32F407.elf.dir/Src/syscalls.c.obj
                0x08002608                _close
 .text._fstat   0x0800260e        0xa CMakeFiles/STM32F407.elf.dir/Src/syscalls.c.obj
                0x0800260e                _fstat
 .text._isatty  0x08002618        0x4 CMakeFiles/STM32F407.elf.dir/Src/syscalls.c.obj
                0x08002618                _isatty
 .text._lseek   0x0800261c        0x4 CMakeFiles/STM32F407.elf.dir/Src/syscalls.c.obj
                0x0800261c                _lseek
 .text._sbrk    0x08002620       0x48 CMakeFiles/STM32F407.elf.dir/Src/sysmem.c.obj
                0x08002620                _sbrk
 .text.SystemInit
                0x08002668        0x2 CMakeFiles/STM32F407.elf.dir/Src/system_stm32f4xx.c.obj
                0x08002668                SystemInit
 *fill*         0x0800266a        0x2 
 .text.Reset_Handler
                0x0800266c       0x50 CMakeFiles/STM32F407.elf.dir/Startup/startup_stm32f407vgtx.s.obj
                0x0800266c                Reset_Handler
 .text.Default_Handler
                0x080026bc        0x2 CMakeFiles/STM32F407.elf.dir/Startup/startup_stm32f407vgtx.s.obj
                0x080026bc                RTC_Alarm_IRQHandler
                0x080026bc                HASH_RNG_IRQHandler
                0x080026bc                EXTI2_IRQHandler
                0x080026bc                TIM8_CC_IRQHandler
                0x080026bc                TIM1_CC_IRQHandler
                0x080026bc                DMA2_Stream5_IRQHandler
                0x080026bc                DMA1_Stream5_IRQHandler
                0x080026bc                PVD_IRQHandler
                0x080026bc                SDIO_IRQHandler
                0x080026bc                TAMP_STAMP_IRQHandler
                0x080026bc                CAN2_RX1_IRQHandler
                0x080026bc                EXTI3_IRQHandler
                0x080026bc                TIM8_TRG_COM_TIM14_IRQHandler
                0x080026bc                TIM1_UP_TIM10_IRQHandler
                0x080026bc                TIM8_UP_TIM13_IRQHandler
                0x080026bc                I2C3_ER_IRQHandler
                0x080026bc                EXTI0_IRQHandler
                0x080026bc                I2C2_EV_IRQHandler
                0x080026bc                DMA1_Stream2_IRQHandler
                0x080026bc                CAN1_RX0_IRQHandler
                0x080026bc                FPU_IRQHandler
                0x080026bc                OTG_HS_WKUP_IRQHandler
                0x080026bc                CAN2_SCE_IRQHandler
                0x080026bc                DMA2_Stream2_IRQHandler
                0x080026bc                SPI1_IRQHandler
                0x080026bc                TIM6_DAC_IRQHandler
                0x080026bc                TIM1_BRK_TIM9_IRQHandler
                0x080026bc                CAN2_RX0_IRQHandler
                0x080026bc                DMA2_Stream3_IRQHandler
                0x080026bc                USART6_IRQHandler
                0x080026bc                USART3_IRQHandler
                0x080026bc                CAN1_RX1_IRQHandler
                0x080026bc                UART5_IRQHandler
                0x080026bc                DMA2_Stream0_IRQHandler
                0x080026bc                TIM4_IRQHandler
                0x080026bc                I2C1_EV_IRQHandler
                0x080026bc                DMA1_Stream6_IRQHandler
                0x080026bc                DMA1_Stream1_IRQHandler
                0x080026bc                UART4_IRQHandler
                0x080026bc                TIM3_IRQHandler
                0x080026bc                RCC_IRQHandler
                0x080026bc                TIM8_BRK_TIM12_IRQHandler
                0x080026bc                Default_Handler
                0x080026bc                EXTI15_10_IRQHandler
                0x080026bc                ADC_IRQHandler
                0x080026bc                DMA1_Stream7_IRQHandler
                0x080026bc                TIM7_IRQHandler
                0x080026bc                CAN2_TX_IRQHandler
                0x080026bc                TIM5_IRQHandler
                0x080026bc                I2C3_EV_IRQHandler
                0x080026bc                EXTI9_5_IRQHandler
                0x080026bc                RTC_WKUP_IRQHandler
                0x080026bc                ETH_WKUP_IRQHandler
                0x080026bc                SPI2_IRQHandler
                0x080026bc                OTG_HS_EP1_IN_IRQHandler
                0x080026bc                DMA1_Stream0_IRQHandler
                0x080026bc                CAN1_TX_IRQHandler
                0x080026bc                EXTI4_IRQHandler
                0x080026bc                FSMC_IRQHandler
                0x080026bc                ETH_IRQHandler
                0x080026bc                OTG_HS_EP1_OUT_IRQHandler
                0x080026bc                WWDG_IRQHandler
                0x080026bc                TIM2_IRQHandler
                0x080026bc                OTG_FS_WKUP_IRQHandler
                0x080026bc                TIM1_TRG_COM_TIM11_IRQHandler
                0x080026bc                OTG_HS_IRQHandler
                0x080026bc                EXTI1_IRQHandler
                0x080026bc                USART2_IRQHandler
                0x080026bc                I2C2_ER_IRQHandler
                0x080026bc                DMA2_Stream1_IRQHandler
                0x080026bc                CAN1_SCE_IRQHandler
                0x080026bc                FLASH_IRQHandler
                0x080026bc                DMA2_Stream4_IRQHandler
                0x080026bc                OTG_FS_IRQHandler
                0x080026bc                SPI3_IRQHandler
                0x080026bc                DMA1_Stream4_IRQHandler
                0x080026bc                I2C1_ER_IRQHandler
                0x080026bc                DMA2_Stream6_IRQHandler
                0x080026bc                DMA1_Stream3_IRQHandler
 *fill*         0x080026be        0x2 
 .text.__errno  0x080026c0        0xc e:/gcc-arm-none-eabi-10.3-2021.10/bin/../lib/gcc/arm-none-eabi/10.3.1/../../../../arm-none-eabi/lib/thumb/v7e-m/nofp\libg.a(lib_a-errno.o)
                0x080026c0                __errno
 .text.__libc_init_array
                0x080026cc       0x48 e:/gcc-arm-none-eabi-10.3-2021.10/bin/../lib/gcc/arm-none-eabi/10.3.1/../../../../arm-none-eabi/lib/thumb/v7e-m/nofp\libg.a(lib_a-init.o)
                0x080026cc                __libc_init_array
 .text.memset   0x08002714       0xa4 e:/gcc-arm-none-eabi-10.3-2021.10/bin/../lib/gcc/arm-none-eabi/10.3.1/../../../../arm-none-eabi/lib/thumb/v7e-m/nofp\libg.a(lib_a-memset.o)
                0x08002714                memset
 .text._puts_r  0x080027b8       0x9c e:/gcc-arm-none-eabi-10.3-2021.10/bin/../lib/gcc/arm-none-eabi/10.3.1/../../../../arm-none-eabi/lib/thumb/v7e-m/nofp\libg.a(lib_a-puts.o)
                0x080027b8                _puts_r
 .text.puts     0x08002854       0x10 e:/gcc-arm-none-eabi-10.3-2021.10/bin/../lib/gcc/arm-none-eabi/10.3.1/../../../../arm-none-eabi/lib/thumb/v7e-m/nofp\libg.a(lib_a-puts.o)
                0x08002854                puts
 .text.startup.register_fini
                0x08002864       0x14 e:/gcc-arm-none-eabi-10.3-2021.10/bin/../lib/gcc/arm-none-eabi/10.3.1/../../../../arm-none-eabi/lib/thumb/v7e-m/nofp\libg.a(lib_a-__call_atexit.o)
 .text.atexit   0x08002878        0xc e:/gcc-arm-none-eabi-10.3-2021.10/bin/../lib/gcc/arm-none-eabi/10.3.1/../../../../arm-none-eabi/lib/thumb/v7e-m/nofp\libg.a(lib_a-atexit.o)
                0x08002878                atexit
 .text._cleanup_r
                0x08002884        0xc e:/gcc-arm-none-eabi-10.3-2021.10/bin/../lib/gcc/arm-none-eabi/10.3.1/../../../../arm-none-eabi/lib/thumb/v7e-m/nofp\libg.a(lib_a-findfp.o)
                0x08002884                _cleanup_r
 .text.__sinit  0x08002890      0x10c e:/gcc-arm-none-eabi-10.3-2021.10/bin/../lib/gcc/arm-none-eabi/10.3.1/../../../../arm-none-eabi/lib/thumb/v7e-m/nofp\libg.a(lib_a-findfp.o)
                0x08002890                __sinit
 .text.__sfp_lock_acquire
                0x0800299c        0xc e:/gcc-arm-none-eabi-10.3-2021.10/bin/../lib/gcc/arm-none-eabi/10.3.1/../../../../arm-none-eabi/lib/thumb/v7e-m/nofp\libg.a(lib_a-findfp.o)
                0x0800299c                __sfp_lock_acquire
 .text.__sfp_lock_release
                0x080029a8        0xc e:/gcc-arm-none-eabi-10.3-2021.10/bin/../lib/gcc/arm-none-eabi/10.3.1/../../../../arm-none-eabi/lib/thumb/v7e-m/nofp\libg.a(lib_a-findfp.o)
                0x080029a8                __sfp_lock_release
 .text.__libc_fini_array
                0x080029b4       0x2c e:/gcc-arm-none-eabi-10.3-2021.10/bin/../lib/gcc/arm-none-eabi/10.3.1/../../../../arm-none-eabi/lib/thumb/v7e-m/nofp\libg.a(lib_a-fini.o)
                0x080029b4                __libc_fini_array
 .text.__sfvwrite_r
                0x080029e0      0x2e8 e:/gcc-arm-none-eabi-10.3-2021.10/bin/../lib/gcc/arm-none-eabi/10.3.1/../../../../arm-none-eabi/lib/thumb/v7e-m/nofp\libg.a(lib_a-fvwrite.o)
                0x080029e0                __sfvwrite_r
 .text._fwalk_reent
                0x08002cc8       0x48 e:/gcc-arm-none-eabi-10.3-2021.10/bin/../lib/gcc/arm-none-eabi/10.3.1/../../../../arm-none-eabi/lib/thumb/v7e-m/nofp\libg.a(lib_a-fwalk.o)
                0x08002cc8                _fwalk_reent
 .text.__retarget_lock_init_recursive
                0x08002d10        0x4 e:/gcc-arm-none-eabi-10.3-2021.10/bin/../lib/gcc/arm-none-eabi/10.3.1/../../../../arm-none-eabi/lib/thumb/v7e-m/nofp\libg.a(lib_a-lock.o)
                0x08002d10                __retarget_lock_init_recursive
 .text.__retarget_lock_close_recursive
                0x08002d14        0x4 e:/gcc-arm-none-eabi-10.3-2021.10/bin/../lib/gcc/arm-none-eabi/10.3.1/../../../../arm-none-eabi/lib/thumb/v7e-m/nofp\libg.a(lib_a-lock.o)
                0x08002d14                __retarget_lock_close_recursive
 .text.__retarget_lock_acquire_recursive
                0x08002d18        0x4 e:/gcc-arm-none-eabi-10.3-2021.10/bin/../lib/gcc/arm-none-eabi/10.3.1/../../../../arm-none-eabi/lib/thumb/v7e-m/nofp\libg.a(lib_a-lock.o)
                0x08002d18                __retarget_lock_acquire_recursive
 .text.__retarget_lock_release_recursive
                0x08002d1c        0x4 e:/gcc-arm-none-eabi-10.3-2021.10/bin/../lib/gcc/arm-none-eabi/10.3.1/../../../../arm-none-eabi/lib/thumb/v7e-m/nofp\libg.a(lib_a-lock.o)
                0x08002d1c                __retarget_lock_release_recursive
 .text._malloc_r
                0x08002d20      0x560 e:/gcc-arm-none-eabi-10.3-2021.10/bin/../lib/gcc/arm-none-eabi/10.3.1/../../../../arm-none-eabi/lib/thumb/v7e-m/nofp\libg.a(lib_a-mallocr.o)
                0x08002d20                _malloc_r
 .text.memmove  0x08003280       0xf8 e:/gcc-arm-none-eabi-10.3-2021.10/bin/../lib/gcc/arm-none-eabi/10.3.1/../../../../arm-none-eabi/lib/thumb/v7e-m/nofp\libg.a(lib_a-memmove.o)
                0x08003280                memmove
 .text.__malloc_lock
                0x08003378        0xc e:/gcc-arm-none-eabi-10.3-2021.10/bin/../lib/gcc/arm-none-eabi/10.3.1/../../../../arm-none-eabi/lib/thumb/v7e-m/nofp\libg.a(lib_a-mlock.o)
                0x08003378                __malloc_lock
 .text.__malloc_unlock
                0x08003384        0xc e:/gcc-arm-none-eabi-10.3-2021.10/bin/../lib/gcc/arm-none-eabi/10.3.1/../../../../arm-none-eabi/lib/thumb/v7e-m/nofp\libg.a(lib_a-mlock.o)
                0x08003384                __malloc_unlock
 .text._realloc_r
                0x08003390      0x3d8 e:/gcc-arm-none-eabi-10.3-2021.10/bin/../lib/gcc/arm-none-eabi/10.3.1/../../../../arm-none-eabi/lib/thumb/v7e-m/nofp\libg.a(lib_a-reallocr.o)
                0x08003390                _realloc_r
 .text._sbrk_r  0x08003768       0x24 e:/gcc-arm-none-eabi-10.3-2021.10/bin/../lib/gcc/arm-none-eabi/10.3.1/../../../../arm-none-eabi/lib/thumb/v7e-m/nofp\libg.a(lib_a-sbrkr.o)
                0x08003768                _sbrk_r
 .text.__sread  0x0800378c       0x24 e:/gcc-arm-none-eabi-10.3-2021.10/bin/../lib/gcc/arm-none-eabi/10.3.1/../../../../arm-none-eabi/lib/thumb/v7e-m/nofp\libg.a(lib_a-stdio.o)
                0x0800378c                __sread
 .text.__swrite
                0x080037b0       0x40 e:/gcc-arm-none-eabi-10.3-2021.10/bin/../lib/gcc/arm-none-eabi/10.3.1/../../../../arm-none-eabi/lib/thumb/v7e-m/nofp\libg.a(lib_a-stdio.o)
                0x080037b0                __swrite
 .text.__sseek  0x080037f0       0x20 e:/gcc-arm-none-eabi-10.3-2021.10/bin/../lib/gcc/arm-none-eabi/10.3.1/../../../../arm-none-eabi/lib/thumb/v7e-m/nofp\libg.a(lib_a-stdio.o)
                0x080037f0                __sseek
 .text.__sclose
                0x08003810        0x8 e:/gcc-arm-none-eabi-10.3-2021.10/bin/../lib/gcc/arm-none-eabi/10.3.1/../../../../arm-none-eabi/lib/thumb/v7e-m/nofp\libg.a(lib_a-stdio.o)
                0x08003810                __sclose
 .text._write_r
                0x08003818       0x2c e:/gcc-arm-none-eabi-10.3-2021.10/bin/../lib/gcc/arm-none-eabi/10.3.1/../../../../arm-none-eabi/lib/thumb/v7e-m/nofp\libg.a(lib_a-writer.o)
                0x08003818                _write_r
 .text.__swsetup_r
                0x08003844       0xd4 e:/gcc-arm-none-eabi-10.3-2021.10/bin/../lib/gcc/arm-none-eabi/10.3.1/../../../../arm-none-eabi/lib/thumb/v7e-m/nofp\libg.a(lib_a-wsetup.o)
                0x08003844                __swsetup_r
 .text.__register_exitproc
                0x08003918       0x8c e:/gcc-arm-none-eabi-10.3-2021.10/bin/../lib/gcc/arm-none-eabi/10.3.1/../../../../arm-none-eabi/lib/thumb/v7e-m/nofp\libg.a(lib_a-__atexit.o)
                0x08003918                __register_exitproc
 .text._close_r
                0x080039a4       0x24 e:/gcc-arm-none-eabi-10.3-2021.10/bin/../lib/gcc/arm-none-eabi/10.3.1/../../../../arm-none-eabi/lib/thumb/v7e-m/nofp\libg.a(lib_a-closer.o)
                0x080039a4                _close_r
 .text._fclose_r
                0x080039c8       0xcc e:/gcc-arm-none-eabi-10.3-2021.10/bin/../lib/gcc/arm-none-eabi/10.3.1/../../../../arm-none-eabi/lib/thumb/v7e-m/nofp\libg.a(lib_a-fclose.o)
                0x080039c8                _fclose_r
 .text.__sflush_r
                0x08003a94      0x120 e:/gcc-arm-none-eabi-10.3-2021.10/bin/../lib/gcc/arm-none-eabi/10.3.1/../../../../arm-none-eabi/lib/thumb/v7e-m/nofp\libg.a(lib_a-fflush.o)
                0x08003a94                __sflush_r
 .text._fflush_r
                0x08003bb4       0x5c e:/gcc-arm-none-eabi-10.3-2021.10/bin/../lib/gcc/arm-none-eabi/10.3.1/../../../../arm-none-eabi/lib/thumb/v7e-m/nofp\libg.a(lib_a-fflush.o)
                0x08003bb4                _fflush_r
 .text._malloc_trim_r
                0x08003c10       0xa0 e:/gcc-arm-none-eabi-10.3-2021.10/bin/../lib/gcc/arm-none-eabi/10.3.1/../../../../arm-none-eabi/lib/thumb/v7e-m/nofp\libg.a(lib_a-freer.o)
                0x08003c10                _malloc_trim_r
 .text._free_r  0x08003cb0      0x20c e:/gcc-arm-none-eabi-10.3-2021.10/bin/../lib/gcc/arm-none-eabi/10.3.1/../../../../arm-none-eabi/lib/thumb/v7e-m/nofp\libg.a(lib_a-freer.o)
                0x08003cb0                _free_r
 .text._lseek_r
                0x08003ebc       0x2c e:/gcc-arm-none-eabi-10.3-2021.10/bin/../lib/gcc/arm-none-eabi/10.3.1/../../../../arm-none-eabi/lib/thumb/v7e-m/nofp\libg.a(lib_a-lseekr.o)
                0x08003ebc                _lseek_r
 .text.__smakebuf_r
                0x08003ee8       0xe0 e:/gcc-arm-none-eabi-10.3-2021.10/bin/../lib/gcc/arm-none-eabi/10.3.1/../../../../arm-none-eabi/lib/thumb/v7e-m/nofp\libg.a(lib_a-makebuf.o)
                0x08003ee8                __smakebuf_r
 .text._read_r  0x08003fc8       0x2c e:/gcc-arm-none-eabi-10.3-2021.10/bin/../lib/gcc/arm-none-eabi/10.3.1/../../../../arm-none-eabi/lib/thumb/v7e-m/nofp\libg.a(lib_a-readr.o)
                0x08003fc8                _read_r
 .text._fstat_r
                0x08003ff4       0x2c e:/gcc-arm-none-eabi-10.3-2021.10/bin/../lib/gcc/arm-none-eabi/10.3.1/../../../../arm-none-eabi/lib/thumb/v7e-m/nofp\libg.a(lib_a-fstatr.o)
                0x08003ff4                _fstat_r
 .text._isatty_r
                0x08004020       0x24 e:/gcc-arm-none-eabi-10.3-2021.10/bin/../lib/gcc/arm-none-eabi/10.3.1/../../../../arm-none-eabi/lib/thumb/v7e-m/nofp\libg.a(lib_a-isattyr.o)
                0x08004020                _isatty_r
 *(.glue_7)
 .glue_7        0x08004044        0x0 linker stubs
 *(.glue_7t)
 .glue_7t       0x08004044        0x0 linker stubs
 *(.eh_frame)
 .eh_frame      0x08004044        0x0 e:/gcc-arm-none-eabi-10.3-2021.10/bin/../lib/gcc/arm-none-eabi/10.3.1/thumb/v7e-m/nofp/crtbegin.o
 *(.init)
 .init          0x08004044        0x4 e:/gcc-arm-none-eabi-10.3-2021.10/bin/../lib/gcc/arm-none-eabi/10.3.1/thumb/v7e-m/nofp/crti.o
                0x08004044                _init
 .init          0x08004048        0x8 e:/gcc-arm-none-eabi-10.3-2021.10/bin/../lib/gcc/arm-none-eabi/10.3.1/thumb/v7e-m/nofp/crtn.o
 *(.fini)
 .fini          0x08004050        0x4 e:/gcc-arm-none-eabi-10.3-2021.10/bin/../lib/gcc/arm-none-eabi/10.3.1/thumb/v7e-m/nofp/crti.o
                0x08004050                _fini
 .fini          0x08004054        0x8 e:/gcc-arm-none-eabi-10.3-2021.10/bin/../lib/gcc/arm-none-eabi/10.3.1/thumb/v7e-m/nofp/crtn.o
                0x0800405c                . = ALIGN (0x4)
                0x0800405c                _etext = .

.vfp11_veneer   0x0800405c        0x0
 .vfp11_veneer  0x0800405c        0x0 linker stubs

.v4_bx          0x0800405c        0x0
 .v4_bx         0x0800405c        0x0 linker stubs

.iplt           0x0800405c        0x0
 .iplt          0x0800405c        0x0 e:/gcc-arm-none-eabi-10.3-2021.10/bin/../lib/gcc/arm-none-eabi/10.3.1/thumb/v7e-m/nofp/crtbegin.o

.rodata         0x0800405c       0x38
                0x0800405c                . = ALIGN (0x4)
 *(.rodata)
 *(.rodata*)
 .rodata.flagBitshiftOffset.0
                0x0800405c        0x8 CMakeFiles/STM32F407.elf.dir/Drivers/STM32F4xx_HAL_Driver/Src/stm32f4xx_hal_dma.c.obj
 .rodata.main.str1.4
                0x08004064        0xd CMakeFiles/STM32F407.elf.dir/Src/main.c.obj
 *fill*         0x08004071        0x3 
 .rodata.AHBPrescTable
                0x08004074       0x10 CMakeFiles/STM32F407.elf.dir/Src/system_stm32f4xx.c.obj
                0x08004074                AHBPrescTable
 .rodata.APBPrescTable
                0x08004084        0x8 CMakeFiles/STM32F407.elf.dir/Src/system_stm32f4xx.c.obj
                0x08004084                APBPrescTable
 .rodata._global_impure_ptr
                0x0800408c        0x4 e:/gcc-arm-none-eabi-10.3-2021.10/bin/../lib/gcc/arm-none-eabi/10.3.1/../../../../arm-none-eabi/lib/thumb/v7e-m/nofp\libg.a(lib_a-impure.o)
                0x0800408c                _global_impure_ptr
 .rodata._puts_r.str1.4
                0x08004090        0x2 e:/gcc-arm-none-eabi-10.3-2021.10/bin/../lib/gcc/arm-none-eabi/10.3.1/../../../../arm-none-eabi/lib/thumb/v7e-m/nofp\libg.a(lib_a-puts.o)
                0x08004094                . = ALIGN (0x4)
 *fill*         0x08004092        0x2 

.ARM.extab      0x08004094        0x0
                0x08004094                . = ALIGN (0x4)
 *(.ARM.extab* .gnu.linkonce.armextab.*)
                0x08004094                . = ALIGN (0x4)

.ARM            0x08004094        0x8
                0x08004094                . = ALIGN (0x4)
                0x08004094                __exidx_start = .
 *(.ARM.exidx*)
 .ARM.exidx     0x08004094        0x8 e:/gcc-arm-none-eabi-10.3-2021.10/bin/../lib/gcc/arm-none-eabi/10.3.1/thumb/v7e-m/nofp\libgcc.a(_udivmoddi4.o)
                0x0800409c                __exidx_end = .
                0x0800409c                . = ALIGN (0x4)

.rel.dyn        0x0800409c        0x0
 .rel.iplt      0x0800409c        0x0 e:/gcc-arm-none-eabi-10.3-2021.10/bin/../lib/gcc/arm-none-eabi/10.3.1/thumb/v7e-m/nofp/crtbegin.o

.preinit_array  0x0800409c        0x0
                0x0800409c                . = ALIGN (0x4)
                0x0800409c                PROVIDE (__preinit_array_start = .)
 *(.preinit_array*)
                0x0800409c                PROVIDE (__preinit_array_end = .)
                0x0800409c                . = ALIGN (0x4)

.init_array     0x0800409c        0x8
                0x0800409c                . = ALIGN (0x4)
                0x0800409c                PROVIDE (__init_array_start = .)
 *(SORT_BY_NAME(.init_array.*))
 .init_array.00000
                0x0800409c        0x4 e:/gcc-arm-none-eabi-10.3-2021.10/bin/../lib/gcc/arm-none-eabi/10.3.1/../../../../arm-none-eabi/lib/thumb/v7e-m/nofp\libg.a(lib_a-__call_atexit.o)
 *(.init_array*)
 .init_array    0x080040a0        0x4 e:/gcc-arm-none-eabi-10.3-2021.10/bin/../lib/gcc/arm-none-eabi/10.3.1/thumb/v7e-m/nofp/crtbegin.o
                0x080040a4                PROVIDE (__init_array_end = .)
                0x080040a4                . = ALIGN (0x4)

.fini_array     0x080040a4        0x4
                0x080040a4                . = ALIGN (0x4)
                0x080040a4                PROVIDE (__fini_array_start = .)
 *(SORT_BY_NAME(.fini_array.*))
 *(.fini_array*)
 .fini_array    0x080040a4        0x4 e:/gcc-arm-none-eabi-10.3-2021.10/bin/../lib/gcc/arm-none-eabi/10.3.1/thumb/v7e-m/nofp/crtbegin.o
                0x080040a8                PROVIDE (__fini_array_end = .)
                0x080040a8                . = ALIGN (0x4)
                0x080040a8                _sidata = LOADADDR (.data)

.data           0x20000000      0x84c load address 0x080040a8
                0x20000000                . = ALIGN (0x4)
                0x20000000                _sdata = .
 *(.data)
 *(.data*)
 .data.uwTickFreq
                0x20000000        0x1 CMakeFiles/STM32F407.elf.dir/Drivers/STM32F4xx_HAL_Driver/Src/stm32f4xx_hal.c.obj
                0x20000000                uwTickFreq
 *fill*         0x20000001        0x3 
 .data.uwTickPrio
                0x20000004        0x4 CMakeFiles/STM32F407.elf.dir/Drivers/STM32F4xx_HAL_Driver/Src/stm32f4xx_hal.c.obj
                0x20000004                uwTickPrio
 .data.SystemCoreClock
                0x20000008        0x4 CMakeFiles/STM32F407.elf.dir/Src/system_stm32f4xx.c.obj
                0x20000008                SystemCoreClock
 .data._impure_ptr
                0x2000000c        0x4 e:/gcc-arm-none-eabi-10.3-2021.10/bin/../lib/gcc/arm-none-eabi/10.3.1/../../../../arm-none-eabi/lib/thumb/v7e-m/nofp\libg.a(lib_a-impure.o)
                0x2000000c                _impure_ptr
 .data.impure_data
                0x20000010      0x428 e:/gcc-arm-none-eabi-10.3-2021.10/bin/../lib/gcc/arm-none-eabi/10.3.1/../../../../arm-none-eabi/lib/thumb/v7e-m/nofp\libg.a(lib_a-impure.o)
 .data.__atexit_recursive_mutex
                0x20000438        0x4 e:/gcc-arm-none-eabi-10.3-2021.10/bin/../lib/gcc/arm-none-eabi/10.3.1/../../../../arm-none-eabi/lib/thumb/v7e-m/nofp\libg.a(lib_a-__call_atexit.o)
                0x20000438                __atexit_recursive_mutex
 .data.__malloc_av_
                0x2000043c      0x408 e:/gcc-arm-none-eabi-10.3-2021.10/bin/../lib/gcc/arm-none-eabi/10.3.1/../../../../arm-none-eabi/lib/thumb/v7e-m/nofp\libg.a(lib_a-mallocr.o)
                0x2000043c                __malloc_av_
 .data.__malloc_sbrk_base
                0x20000844        0x4 e:/gcc-arm-none-eabi-10.3-2021.10/bin/../lib/gcc/arm-none-eabi/10.3.1/../../../../arm-none-eabi/lib/thumb/v7e-m/nofp\libg.a(lib_a-mallocr.o)
                0x20000844                __malloc_sbrk_base
 .data.__malloc_trim_threshold
                0x20000848        0x4 e:/gcc-arm-none-eabi-10.3-2021.10/bin/../lib/gcc/arm-none-eabi/10.3.1/../../../../arm-none-eabi/lib/thumb/v7e-m/nofp\libg.a(lib_a-mallocr.o)
                0x20000848                __malloc_trim_threshold
 *(.RamFunc)
 *(.RamFunc*)
                0x2000084c                . = ALIGN (0x4)
                0x2000084c                _edata = .
                0x080048f4                _siccmram = LOADADDR (.ccmram)

.igot.plt       0x2000084c        0x0 load address 0x080048f4
 .igot.plt      0x2000084c        0x0 e:/gcc-arm-none-eabi-10.3-2021.10/bin/../lib/gcc/arm-none-eabi/10.3.1/thumb/v7e-m/nofp/crtbegin.o

.ccmram         0x10000000        0x0 load address 0x080048f4
                0x10000000                . = ALIGN (0x4)
                0x10000000                _sccmram = .
 *(.ccmram)
 *(.ccmram*)
                0x10000000                . = ALIGN (0x4)
                0x10000000                _eccmram = .
                0x10000000                . = ALIGN (0x4)

.bss            0x2000084c      0x208
                0x2000084c                _sbss = .
                0x2000084c                __bss_start__ = _sbss
 *(.bss)
 .bss           0x2000084c       0x1c e:/gcc-arm-none-eabi-10.3-2021.10/bin/../lib/gcc/arm-none-eabi/10.3.1/thumb/v7e-m/nofp/crtbegin.o
 *(.bss*)
 .bss.uwTick    0x20000868        0x4 CMakeFiles/STM32F407.elf.dir/Drivers/STM32F4xx_HAL_Driver/Src/stm32f4xx_hal.c.obj
                0x20000868                uwTick
 .bss.hdcmi     0x2000086c       0x40 CMakeFiles/STM32F407.elf.dir/Src/main.c.obj
                0x2000086c                hdcmi
 .bss.hdma_dcmi
                0x200008ac       0x60 CMakeFiles/STM32F407.elf.dir/Src/main.c.obj
                0x200008ac                hdma_dcmi
 .bss.hdma_usart1_tx
                0x2000090c       0x60 CMakeFiles/STM32F407.elf.dir/Src/main.c.obj
                0x2000090c                hdma_usart1_tx
 .bss.hi2c1     0x2000096c       0x54 CMakeFiles/STM32F407.elf.dir/Src/main.c.obj
                0x2000096c                hi2c1
 .bss.huart1    0x200009c0       0x48 CMakeFiles/STM32F407.elf.dir/Src/main.c.obj
                0x200009c0                huart1
 .bss.__sbrk_heap_end
                0x20000a08        0x4 CMakeFiles/STM32F407.elf.dir/Src/sysmem.c.obj
 .bss.__lock___atexit_recursive_mutex
                0x20000a0c        0x1 e:/gcc-arm-none-eabi-10.3-2021.10/bin/../lib/gcc/arm-none-eabi/10.3.1/../../../../arm-none-eabi/lib/thumb/v7e-m/nofp\libg.a(lib_a-lock.o)
                0x20000a0c                __lock___atexit_recursive_mutex
 *fill*         0x20000a0d        0x3 
 .bss.__lock___malloc_recursive_mutex
                0x20000a10        0x1 e:/gcc-arm-none-eabi-10.3-2021.10/bin/../lib/gcc/arm-none-eabi/10.3.1/../../../../arm-none-eabi/lib/thumb/v7e-m/nofp\libg.a(lib_a-lock.o)
                0x20000a10                __lock___malloc_recursive_mutex
 *fill*         0x20000a11        0x3 
 .bss.__lock___sfp_recursive_mutex
                0x20000a14        0x1 e:/gcc-arm-none-eabi-10.3-2021.10/bin/../lib/gcc/arm-none-eabi/10.3.1/../../../../arm-none-eabi/lib/thumb/v7e-m/nofp\libg.a(lib_a-lock.o)
                0x20000a14                __lock___sfp_recursive_mutex
 *fill*         0x20000a15        0x3 
 .bss.__lock___sinit_recursive_mutex
                0x20000a18        0x1 e:/gcc-arm-none-eabi-10.3-2021.10/bin/../lib/gcc/arm-none-eabi/10.3.1/../../../../arm-none-eabi/lib/thumb/v7e-m/nofp\libg.a(lib_a-lock.o)
                0x20000a18                __lock___sinit_recursive_mutex
 *fill*         0x20000a19        0x3 
 .bss.__malloc_current_mallinfo
                0x20000a1c       0x28 e:/gcc-arm-none-eabi-10.3-2021.10/bin/../lib/gcc/arm-none-eabi/10.3.1/../../../../arm-none-eabi/lib/thumb/v7e-m/nofp\libg.a(lib_a-mallocr.o)
                0x20000a1c                __malloc_current_mallinfo
 .bss.__malloc_max_sbrked_mem
                0x20000a44        0x4 e:/gcc-arm-none-eabi-10.3-2021.10/bin/../lib/gcc/arm-none-eabi/10.3.1/../../../../arm-none-eabi/lib/thumb/v7e-m/nofp\libg.a(lib_a-mallocr.o)
                0x20000a44                __malloc_max_sbrked_mem
 .bss.__malloc_max_total_mem
                0x20000a48        0x4 e:/gcc-arm-none-eabi-10.3-2021.10/bin/../lib/gcc/arm-none-eabi/10.3.1/../../../../arm-none-eabi/lib/thumb/v7e-m/nofp\libg.a(lib_a-mallocr.o)
                0x20000a48                __malloc_max_total_mem
 .bss.__malloc_top_pad
                0x20000a4c        0x4 e:/gcc-arm-none-eabi-10.3-2021.10/bin/../lib/gcc/arm-none-eabi/10.3.1/../../../../arm-none-eabi/lib/thumb/v7e-m/nofp\libg.a(lib_a-mallocr.o)
                0x20000a4c                __malloc_top_pad
 .bss.errno     0x20000a50        0x4 e:/gcc-arm-none-eabi-10.3-2021.10/bin/../lib/gcc/arm-none-eabi/10.3.1/../../../../arm-none-eabi/lib/thumb/v7e-m/nofp\libg.a(lib_a-reent.o)
                0x20000a50                errno
 *(COMMON)
                0x20000a54                . = ALIGN (0x4)
                0x20000a54                _ebss = .
                0x20000a54                __bss_end__ = _ebss

._user_heap_stack
                0x20000a54      0x604
                0x20000a58                . = ALIGN (0x8)
 *fill*         0x20000a54        0x4 
                [!provide]                PROVIDE (end = .)
                0x20000a58                PROVIDE (_end = .)
                0x20000c58                . = (. + _Min_Heap_Size)
 *fill*         0x20000a58      0x200 
                0x20001058                . = (. + _Min_Stack_Size)
 *fill*         0x20000c58      0x400 
                0x20001058                . = ALIGN (0x8)

/DISCARD/
 libc.a(*)
 libm.a(*)
 libgcc.a(*)

.ARM.attributes
                0x00000000       0x2a
 *(.ARM.attributes)
 .ARM.attributes
                0x00000000       0x1e e:/gcc-arm-none-eabi-10.3-2021.10/bin/../lib/gcc/arm-none-eabi/10.3.1/thumb/v7e-m/nofp/crti.o
 .ARM.attributes
                0x0000001e       0x2e e:/gcc-arm-none-eabi-10.3-2021.10/bin/../lib/gcc/arm-none-eabi/10.3.1/thumb/v7e-m/nofp/crtbegin.o
 .ARM.attributes
                0x0000004c       0x2e CMakeFiles/STM32F407.elf.dir/Drivers/STM32F4xx_HAL_Driver/Src/stm32f4xx_hal.c.obj
 .ARM.attributes
                0x0000007a       0x2e CMakeFiles/STM32F407.elf.dir/Drivers/STM32F4xx_HAL_Driver/Src/stm32f4xx_hal_cortex.c.obj
 .ARM.attributes
                0x000000a8       0x2e CMakeFiles/STM32F407.elf.dir/Drivers/STM32F4xx_HAL_Driver/Src/stm32f4xx_hal_dcmi.c.obj
 .ARM.attributes
                0x000000d6       0x2e CMakeFiles/STM32F407.elf.dir/Drivers/STM32F4xx_HAL_Driver/Src/stm32f4xx_hal_dcmi_ex.c.obj
 .ARM.attributes
                0x00000104       0x2e CMakeFiles/STM32F407.elf.dir/Drivers/STM32F4xx_HAL_Driver/Src/stm32f4xx_hal_dma.c.obj
 .ARM.attributes
                0x00000132       0x2e CMakeFiles/STM32F407.elf.dir/Drivers/STM32F4xx_HAL_Driver/Src/stm32f4xx_hal_gpio.c.obj
 .ARM.attributes
                0x00000160       0x2e CMakeFiles/STM32F407.elf.dir/Drivers/STM32F4xx_HAL_Driver/Src/stm32f4xx_hal_i2c.c.obj
 .ARM.attributes
                0x0000018e       0x2e CMakeFiles/STM32F407.elf.dir/Drivers/STM32F4xx_HAL_Driver/Src/stm32f4xx_hal_rcc.c.obj
 .ARM.attributes
                0x000001bc       0x2e CMakeFiles/STM32F407.elf.dir/Drivers/STM32F4xx_HAL_Driver/Src/stm32f4xx_hal_uart.c.obj
 .ARM.attributes
                0x000001ea       0x2e CMakeFiles/STM32F407.elf.dir/Src/main.c.obj
 .ARM.attributes
                0x00000218       0x2e CMakeFiles/STM32F407.elf.dir/Src/stm32f4xx_hal_msp.c.obj
 .ARM.attributes
                0x00000246       0x2e CMakeFiles/STM32F407.elf.dir/Src/stm32f4xx_it.c.obj
 .ARM.attributes
                0x00000274       0x2e CMakeFiles/STM32F407.elf.dir/Src/syscalls.c.obj
 .ARM.attributes
                0x000002a2       0x2e CMakeFiles/STM32F407.elf.dir/Src/sysmem.c.obj
 .ARM.attributes
                0x000002d0       0x2e CMakeFiles/STM32F407.elf.dir/Src/system_stm32f4xx.c.obj
 .ARM.attributes
                0x000002fe       0x21 CMakeFiles/STM32F407.elf.dir/Startup/startup_stm32f407vgtx.s.obj
 .ARM.attributes
                0x0000031f       0x1e e:/gcc-arm-none-eabi-10.3-2021.10/bin/../lib/gcc/arm-none-eabi/10.3.1/thumb/v7e-m/nofp\libgcc.a(_aeabi_uldivmod.o)
 .ARM.attributes
                0x0000033d       0x2e e:/gcc-arm-none-eabi-10.3-2021.10/bin/../lib/gcc/arm-none-eabi/10.3.1/thumb/v7e-m/nofp\libgcc.a(_udivmoddi4.o)
 .ARM.attributes
                0x0000036b       0x1e e:/gcc-arm-none-eabi-10.3-2021.10/bin/../lib/gcc/arm-none-eabi/10.3.1/thumb/v7e-m/nofp\libgcc.a(_dvmd_tls.o)
 .ARM.attributes
                0x00000389       0x2e e:/gcc-arm-none-eabi-10.3-2021.10/bin/../lib/gcc/arm-none-eabi/10.3.1/../../../../arm-none-eabi/lib/thumb/v7e-m/nofp\libg.a(lib_a-errno.o)
 .ARM.attributes
                0x000003b7       0x2e e:/gcc-arm-none-eabi-10.3-2021.10/bin/../lib/gcc/arm-none-eabi/10.3.1/../../../../arm-none-eabi/lib/thumb/v7e-m/nofp\libg.a(lib_a-impure.o)
 .ARM.attributes
                0x000003e5       0x2e e:/gcc-arm-none-eabi-10.3-2021.10/bin/../lib/gcc/arm-none-eabi/10.3.1/../../../../arm-none-eabi/lib/thumb/v7e-m/nofp\libg.a(lib_a-init.o)
 .ARM.attributes
                0x00000413       0x2e e:/gcc-arm-none-eabi-10.3-2021.10/bin/../lib/gcc/arm-none-eabi/10.3.1/../../../../arm-none-eabi/lib/thumb/v7e-m/nofp\libg.a(lib_a-memset.o)
 .ARM.attributes
                0x00000441       0x2e e:/gcc-arm-none-eabi-10.3-2021.10/bin/../lib/gcc/arm-none-eabi/10.3.1/../../../../arm-none-eabi/lib/thumb/v7e-m/nofp\libg.a(lib_a-puts.o)
 .ARM.attributes
                0x0000046f       0x1c e:/gcc-arm-none-eabi-10.3-2021.10/bin/../lib/gcc/arm-none-eabi/10.3.1/../../../../arm-none-eabi/lib/thumb/v7e-m/nofp\libg.a(lib_a-strlen.o)
 .ARM.attributes
                0x0000048b       0x2e e:/gcc-arm-none-eabi-10.3-2021.10/bin/../lib/gcc/arm-none-eabi/10.3.1/../../../../arm-none-eabi/lib/thumb/v7e-m/nofp\libg.a(lib_a-__call_atexit.o)
 .ARM.attributes
                0x000004b9       0x2e e:/gcc-arm-none-eabi-10.3-2021.10/bin/../lib/gcc/arm-none-eabi/10.3.1/../../../../arm-none-eabi/lib/thumb/v7e-m/nofp\libg.a(lib_a-atexit.o)
 .ARM.attributes
                0x000004e7       0x2e e:/gcc-arm-none-eabi-10.3-2021.10/bin/../lib/gcc/arm-none-eabi/10.3.1/../../../../arm-none-eabi/lib/thumb/v7e-m/nofp\libg.a(lib_a-findfp.o)
 .ARM.attributes
                0x00000515       0x2e e:/gcc-arm-none-eabi-10.3-2021.10/bin/../lib/gcc/arm-none-eabi/10.3.1/../../../../arm-none-eabi/lib/thumb/v7e-m/nofp\libg.a(lib_a-fini.o)
 .ARM.attributes
                0x00000543       0x2e e:/gcc-arm-none-eabi-10.3-2021.10/bin/../lib/gcc/arm-none-eabi/10.3.1/../../../../arm-none-eabi/lib/thumb/v7e-m/nofp\libg.a(lib_a-fvwrite.o)
 .ARM.attributes
                0x00000571       0x2e e:/gcc-arm-none-eabi-10.3-2021.10/bin/../lib/gcc/arm-none-eabi/10.3.1/../../../../arm-none-eabi/lib/thumb/v7e-m/nofp\libg.a(lib_a-fwalk.o)
 .ARM.attributes
                0x0000059f       0x2e e:/gcc-arm-none-eabi-10.3-2021.10/bin/../lib/gcc/arm-none-eabi/10.3.1/../../../../arm-none-eabi/lib/thumb/v7e-m/nofp\libg.a(lib_a-lock.o)
 .ARM.attributes
                0x000005cd       0x2e e:/gcc-arm-none-eabi-10.3-2021.10/bin/../lib/gcc/arm-none-eabi/10.3.1/../../../../arm-none-eabi/lib/thumb/v7e-m/nofp\libg.a(lib_a-mallocr.o)
 .ARM.attributes
                0x000005fb       0x1c e:/gcc-arm-none-eabi-10.3-2021.10/bin/../lib/gcc/arm-none-eabi/10.3.1/../../../../arm-none-eabi/lib/thumb/v7e-m/nofp\libg.a(lib_a-memchr.o)
 .ARM.attributes
                0x00000617       0x1c e:/gcc-arm-none-eabi-10.3-2021.10/bin/../lib/gcc/arm-none-eabi/10.3.1/../../../../arm-none-eabi/lib/thumb/v7e-m/nofp\libg.a(lib_a-memcpy.o)
 .ARM.attributes
                0x00000633       0x2e e:/gcc-arm-none-eabi-10.3-2021.10/bin/../lib/gcc/arm-none-eabi/10.3.1/../../../../arm-none-eabi/lib/thumb/v7e-m/nofp\libg.a(lib_a-memmove.o)
 .ARM.attributes
                0x00000661       0x2e e:/gcc-arm-none-eabi-10.3-2021.10/bin/../lib/gcc/arm-none-eabi/10.3.1/../../../../arm-none-eabi/lib/thumb/v7e-m/nofp\libg.a(lib_a-mlock.o)
 .ARM.attributes
                0x0000068f       0x2e e:/gcc-arm-none-eabi-10.3-2021.10/bin/../lib/gcc/arm-none-eabi/10.3.1/../../../../arm-none-eabi/lib/thumb/v7e-m/nofp\libg.a(lib_a-reallocr.o)
 .ARM.attributes
                0x000006bd       0x2e e:/gcc-arm-none-eabi-10.3-2021.10/bin/../lib/gcc/arm-none-eabi/10.3.1/../../../../arm-none-eabi/lib/thumb/v7e-m/nofp\libg.a(lib_a-sbrkr.o)
 .ARM.attributes
                0x000006eb       0x2e e:/gcc-arm-none-eabi-10.3-2021.10/bin/../lib/gcc/arm-none-eabi/10.3.1/../../../../arm-none-eabi/lib/thumb/v7e-m/nofp\libg.a(lib_a-stdio.o)
 .ARM.attributes
                0x00000719       0x2e e:/gcc-arm-none-eabi-10.3-2021.10/bin/../lib/gcc/arm-none-eabi/10.3.1/../../../../arm-none-eabi/lib/thumb/v7e-m/nofp\libg.a(lib_a-writer.o)
 .ARM.attributes
                0x00000747       0x2e e:/gcc-arm-none-eabi-10.3-2021.10/bin/../lib/gcc/arm-none-eabi/10.3.1/../../../../arm-none-eabi/lib/thumb/v7e-m/nofp\libg.a(lib_a-wsetup.o)
 .ARM.attributes
                0x00000775       0x2e e:/gcc-arm-none-eabi-10.3-2021.10/bin/../lib/gcc/arm-none-eabi/10.3.1/../../../../arm-none-eabi/lib/thumb/v7e-m/nofp\libg.a(lib_a-__atexit.o)
 .ARM.attributes
                0x000007a3       0x2e e:/gcc-arm-none-eabi-10.3-2021.10/bin/../lib/gcc/arm-none-eabi/10.3.1/../../../../arm-none-eabi/lib/thumb/v7e-m/nofp\libg.a(lib_a-closer.o)
 .ARM.attributes
                0x000007d1       0x2e e:/gcc-arm-none-eabi-10.3-2021.10/bin/../lib/gcc/arm-none-eabi/10.3.1/../../../../arm-none-eabi/lib/thumb/v7e-m/nofp\libg.a(lib_a-fclose.o)
 .ARM.attributes
                0x000007ff       0x2e e:/gcc-arm-none-eabi-10.3-2021.10/bin/../lib/gcc/arm-none-eabi/10.3.1/../../../../arm-none-eabi/lib/thumb/v7e-m/nofp\libg.a(lib_a-fflush.o)
 .ARM.attributes
                0x0000082d       0x2e e:/gcc-arm-none-eabi-10.3-2021.10/bin/../lib/gcc/arm-none-eabi/10.3.1/../../../../arm-none-eabi/lib/thumb/v7e-m/nofp\libg.a(lib_a-freer.o)
 .ARM.attributes
                0x0000085b       0x2e e:/gcc-arm-none-eabi-10.3-2021.10/bin/../lib/gcc/arm-none-eabi/10.3.1/../../../../arm-none-eabi/lib/thumb/v7e-m/nofp\libg.a(lib_a-lseekr.o)
 .ARM.attributes
                0x00000889       0x2e e:/gcc-arm-none-eabi-10.3-2021.10/bin/../lib/gcc/arm-none-eabi/10.3.1/../../../../arm-none-eabi/lib/thumb/v7e-m/nofp\libg.a(lib_a-makebuf.o)
 .ARM.attributes
                0x000008b7       0x2e e:/gcc-arm-none-eabi-10.3-2021.10/bin/../lib/gcc/arm-none-eabi/10.3.1/../../../../arm-none-eabi/lib/thumb/v7e-m/nofp\libg.a(lib_a-readr.o)
 .ARM.attributes
                0x000008e5       0x2e e:/gcc-arm-none-eabi-10.3-2021.10/bin/../lib/gcc/arm-none-eabi/10.3.1/../../../../arm-none-eabi/lib/thumb/v7e-m/nofp\libg.a(lib_a-reent.o)
 .ARM.attributes
                0x00000913       0x2e e:/gcc-arm-none-eabi-10.3-2021.10/bin/../lib/gcc/arm-none-eabi/10.3.1/../../../../arm-none-eabi/lib/thumb/v7e-m/nofp\libg.a(lib_a-fstatr.o)
 .ARM.attributes
                0x00000941       0x2e e:/gcc-arm-none-eabi-10.3-2021.10/bin/../lib/gcc/arm-none-eabi/10.3.1/../../../../arm-none-eabi/lib/thumb/v7e-m/nofp\libg.a(lib_a-isattyr.o)
 .ARM.attributes
                0x0000096f       0x1e e:/gcc-arm-none-eabi-10.3-2021.10/bin/../lib/gcc/arm-none-eabi/10.3.1/thumb/v7e-m/nofp/crtn.o
OUTPUT(STM32F407.elf elf32-littlearm)
LOAD linker stubs
LOAD e:/gcc-arm-none-eabi-10.3-2021.10/bin/../lib/gcc/arm-none-eabi/10.3.1/../../../../arm-none-eabi/lib/thumb/v7e-m/nofp\libc.a
LOAD e:/gcc-arm-none-eabi-10.3-2021.10/bin/../lib/gcc/arm-none-eabi/10.3.1/../../../../arm-none-eabi/lib/thumb/v7e-m/nofp\libm.a
LOAD e:/gcc-arm-none-eabi-10.3-2021.10/bin/../lib/gcc/arm-none-eabi/10.3.1/thumb/v7e-m/nofp\libgcc.a

.debug_info     0x00000000    0x1147b
 .debug_info    0x00000000      0x9f0 CMakeFiles/STM32F407.elf.dir/Drivers/STM32F4xx_HAL_Driver/Src/stm32f4xx_hal.c.obj
 .debug_info    0x000009f0     0x10ab CMakeFiles/STM32F407.elf.dir/Drivers/STM32F4xx_HAL_Driver/Src/stm32f4xx_hal_cortex.c.obj
 .debug_info    0x00001a9b      0xc4b CMakeFiles/STM32F407.elf.dir/Drivers/STM32F4xx_HAL_Driver/Src/stm32f4xx_hal_dcmi.c.obj
 .debug_info    0x000026e6      0x61b CMakeFiles/STM32F407.elf.dir/Drivers/STM32F4xx_HAL_Driver/Src/stm32f4xx_hal_dcmi_ex.c.obj
 .debug_info    0x00002d01      0xb3f CMakeFiles/STM32F407.elf.dir/Drivers/STM32F4xx_HAL_Driver/Src/stm32f4xx_hal_dma.c.obj
 .debug_info    0x00003840      0x7b0 CMakeFiles/STM32F407.elf.dir/Drivers/STM32F4xx_HAL_Driver/Src/stm32f4xx_hal_gpio.c.obj
 .debug_info    0x00003ff0     0x3997 CMakeFiles/STM32F407.elf.dir/Drivers/STM32F4xx_HAL_Driver/Src/stm32f4xx_hal_i2c.c.obj
 .debug_info    0x00007987      0xb03 CMakeFiles/STM32F407.elf.dir/Drivers/STM32F4xx_HAL_Driver/Src/stm32f4xx_hal_rcc.c.obj
 .debug_info    0x0000848a     0x418f CMakeFiles/STM32F407.elf.dir/Drivers/STM32F4xx_HAL_Driver/Src/stm32f4xx_hal_uart.c.obj
 .debug_info    0x0000c619     0x2337 CMakeFiles/STM32F407.elf.dir/Src/main.c.obj
 .debug_info    0x0000e950     0x14ec CMakeFiles/STM32F407.elf.dir/Src/stm32f4xx_hal_msp.c.obj
 .debug_info    0x0000fe3c      0x97d CMakeFiles/STM32F407.elf.dir/Src/stm32f4xx_it.c.obj
 .debug_info    0x000107b9      0x7af CMakeFiles/STM32F407.elf.dir/Src/syscalls.c.obj
 .debug_info    0x00010f68      0x174 CMakeFiles/STM32F407.elf.dir/Src/sysmem.c.obj
 .debug_info    0x000110dc      0x37d CMakeFiles/STM32F407.elf.dir/Src/system_stm32f4xx.c.obj
 .debug_info    0x00011459       0x22 CMakeFiles/STM32F407.elf.dir/Startup/startup_stm32f407vgtx.s.obj

.debug_abbrev   0x00000000     0x20df
 .debug_abbrev  0x00000000      0x206 CMakeFiles/STM32F407.elf.dir/Drivers/STM32F4xx_HAL_Driver/Src/stm32f4xx_hal.c.obj
 .debug_abbrev  0x00000206      0x36a CMakeFiles/STM32F407.elf.dir/Drivers/STM32F4xx_HAL_Driver/Src/stm32f4xx_hal_cortex.c.obj
 .debug_abbrev  0x00000570      0x25e CMakeFiles/STM32F407.elf.dir/Drivers/STM32F4xx_HAL_Driver/Src/stm32f4xx_hal_dcmi.c.obj
 .debug_abbrev  0x000007ce      0x156 CMakeFiles/STM32F407.elf.dir/Drivers/STM32F4xx_HAL_Driver/Src/stm32f4xx_hal_dcmi_ex.c.obj
 .debug_abbrev  0x00000924      0x2c2 CMakeFiles/STM32F407.elf.dir/Drivers/STM32F4xx_HAL_Driver/Src/stm32f4xx_hal_dma.c.obj
 .debug_abbrev  0x00000be6      0x1ef CMakeFiles/STM32F407.elf.dir/Drivers/STM32F4xx_HAL_Driver/Src/stm32f4xx_hal_gpio.c.obj
 .debug_abbrev  0x00000dd5      0x27f CMakeFiles/STM32F407.elf.dir/Drivers/STM32F4xx_HAL_Driver/Src/stm32f4xx_hal_i2c.c.obj
 .debug_abbrev  0x00001054      0x28a CMakeFiles/STM32F407.elf.dir/Drivers/STM32F4xx_HAL_Driver/Src/stm32f4xx_hal_rcc.c.obj
 .debug_abbrev  0x000012de      0x2fd CMakeFiles/STM32F407.elf.dir/Drivers/STM32F4xx_HAL_Driver/Src/stm32f4xx_hal_uart.c.obj
 .debug_abbrev  0x000015db      0x3c3 CMakeFiles/STM32F407.elf.dir/Src/main.c.obj
 .debug_abbrev  0x0000199e      0x21e CMakeFiles/STM32F407.elf.dir/Src/stm32f4xx_hal_msp.c.obj
 .debug_abbrev  0x00001bbc      0x16e CMakeFiles/STM32F407.elf.dir/Src/stm32f4xx_it.c.obj
 .debug_abbrev  0x00001d2a      0x1a3 CMakeFiles/STM32F407.elf.dir/Src/syscalls.c.obj
 .debug_abbrev  0x00001ecd       0xe7 CMakeFiles/STM32F407.elf.dir/Src/sysmem.c.obj
 .debug_abbrev  0x00001fb4      0x119 CMakeFiles/STM32F407.elf.dir/Src/system_stm32f4xx.c.obj
 .debug_abbrev  0x000020cd       0x12 CMakeFiles/STM32F407.elf.dir/Startup/startup_stm32f407vgtx.s.obj

.debug_loc      0x00000000     0xb740
 .debug_loc     0x00000000      0x141 CMakeFiles/STM32F407.elf.dir/Drivers/STM32F4xx_HAL_Driver/Src/stm32f4xx_hal.c.obj
 .debug_loc     0x00000141      0x744 CMakeFiles/STM32F407.elf.dir/Drivers/STM32F4xx_HAL_Driver/Src/stm32f4xx_hal_cortex.c.obj
 .debug_loc     0x00000885      0x679 CMakeFiles/STM32F407.elf.dir/Drivers/STM32F4xx_HAL_Driver/Src/stm32f4xx_hal_dcmi.c.obj
 .debug_loc     0x00000efe       0x59 CMakeFiles/STM32F407.elf.dir/Drivers/STM32F4xx_HAL_Driver/Src/stm32f4xx_hal_dcmi_ex.c.obj
 .debug_loc     0x00000f57      0xbf9 CMakeFiles/STM32F407.elf.dir/Drivers/STM32F4xx_HAL_Driver/Src/stm32f4xx_hal_dma.c.obj
 .debug_loc     0x00001b50      0x520 CMakeFiles/STM32F407.elf.dir/Drivers/STM32F4xx_HAL_Driver/Src/stm32f4xx_hal_gpio.c.obj
 .debug_loc     0x00002070     0x41d5 CMakeFiles/STM32F407.elf.dir/Drivers/STM32F4xx_HAL_Driver/Src/stm32f4xx_hal_i2c.c.obj
 .debug_loc     0x00006245      0x58c CMakeFiles/STM32F407.elf.dir/Drivers/STM32F4xx_HAL_Driver/Src/stm32f4xx_hal_rcc.c.obj
 .debug_loc     0x000067d1     0x46c8 CMakeFiles/STM32F407.elf.dir/Drivers/STM32F4xx_HAL_Driver/Src/stm32f4xx_hal_uart.c.obj
 .debug_loc     0x0000ae99      0x1dd CMakeFiles/STM32F407.elf.dir/Src/main.c.obj
 .debug_loc     0x0000b076      0x149 CMakeFiles/STM32F407.elf.dir/Src/stm32f4xx_hal_msp.c.obj
 .debug_loc     0x0000b1bf      0x3c5 CMakeFiles/STM32F407.elf.dir/Src/syscalls.c.obj
 .debug_loc     0x0000b584       0x64 CMakeFiles/STM32F407.elf.dir/Src/sysmem.c.obj
 .debug_loc     0x0000b5e8      0x158 CMakeFiles/STM32F407.elf.dir/Src/system_stm32f4xx.c.obj

.debug_aranges  0x00000000      0xb00
 .debug_aranges
                0x00000000       0xf0 CMakeFiles/STM32F407.elf.dir/Drivers/STM32F4xx_HAL_Driver/Src/stm32f4xx_hal.c.obj
 .debug_aranges
                0x000000f0       0xb0 CMakeFiles/STM32F407.elf.dir/Drivers/STM32F4xx_HAL_Driver/Src/stm32f4xx_hal_cortex.c.obj
 .debug_aranges
                0x000001a0       0xc0 CMakeFiles/STM32F407.elf.dir/Drivers/STM32F4xx_HAL_Driver/Src/stm32f4xx_hal_dcmi.c.obj
 .debug_aranges
                0x00000260       0x20 CMakeFiles/STM32F407.elf.dir/Drivers/STM32F4xx_HAL_Driver/Src/stm32f4xx_hal_dcmi_ex.c.obj
 .debug_aranges
                0x00000280       0x90 CMakeFiles/STM32F407.elf.dir/Drivers/STM32F4xx_HAL_Driver/Src/stm32f4xx_hal_dma.c.obj
 .debug_aranges
                0x00000310       0x58 CMakeFiles/STM32F407.elf.dir/Drivers/STM32F4xx_HAL_Driver/Src/stm32f4xx_hal_gpio.c.obj
 .debug_aranges
                0x00000368      0x2a8 CMakeFiles/STM32F407.elf.dir/Drivers/STM32F4xx_HAL_Driver/Src/stm32f4xx_hal_i2c.c.obj
 .debug_aranges
                0x00000610       0x88 CMakeFiles/STM32F407.elf.dir/Drivers/STM32F4xx_HAL_Driver/Src/stm32f4xx_hal_rcc.c.obj
 .debug_aranges
                0x00000698      0x208 CMakeFiles/STM32F407.elf.dir/Drivers/STM32F4xx_HAL_Driver/Src/stm32f4xx_hal_uart.c.obj
 .debug_aranges
                0x000008a0       0x80 CMakeFiles/STM32F407.elf.dir/Src/main.c.obj
 .debug_aranges
                0x00000920       0x50 CMakeFiles/STM32F407.elf.dir/Src/stm32f4xx_hal_msp.c.obj
 .debug_aranges
                0x00000970       0x78 CMakeFiles/STM32F407.elf.dir/Src/stm32f4xx_it.c.obj
 .debug_aranges
                0x000009e8       0xa8 CMakeFiles/STM32F407.elf.dir/Src/syscalls.c.obj
 .debug_aranges
                0x00000a90       0x20 CMakeFiles/STM32F407.elf.dir/Src/sysmem.c.obj
 .debug_aranges
                0x00000ab0       0x28 CMakeFiles/STM32F407.elf.dir/Src/system_stm32f4xx.c.obj
 .debug_aranges
                0x00000ad8       0x28 CMakeFiles/STM32F407.elf.dir/Startup/startup_stm32f407vgtx.s.obj

.debug_ranges   0x00000000      0xab0
 .debug_ranges  0x00000000       0xe0 CMakeFiles/STM32F407.elf.dir/Drivers/STM32F4xx_HAL_Driver/Src/stm32f4xx_hal.c.obj
 .debug_ranges  0x000000e0      0x100 CMakeFiles/STM32F407.elf.dir/Drivers/STM32F4xx_HAL_Driver/Src/stm32f4xx_hal_cortex.c.obj
 .debug_ranges  0x000001e0       0xb0 CMakeFiles/STM32F407.elf.dir/Drivers/STM32F4xx_HAL_Driver/Src/stm32f4xx_hal_dcmi.c.obj
 .debug_ranges  0x00000290       0x10 CMakeFiles/STM32F407.elf.dir/Drivers/STM32F4xx_HAL_Driver/Src/stm32f4xx_hal_dcmi_ex.c.obj
 .debug_ranges  0x000002a0       0x80 CMakeFiles/STM32F407.elf.dir/Drivers/STM32F4xx_HAL_Driver/Src/stm32f4xx_hal_dma.c.obj
 .debug_ranges  0x00000320       0x48 CMakeFiles/STM32F407.elf.dir/Drivers/STM32F4xx_HAL_Driver/Src/stm32f4xx_hal_gpio.c.obj
 .debug_ranges  0x00000368      0x2b0 CMakeFiles/STM32F407.elf.dir/Drivers/STM32F4xx_HAL_Driver/Src/stm32f4xx_hal_i2c.c.obj
 .debug_ranges  0x00000618       0x90 CMakeFiles/STM32F407.elf.dir/Drivers/STM32F4xx_HAL_Driver/Src/stm32f4xx_hal_rcc.c.obj
 .debug_ranges  0x000006a8      0x210 CMakeFiles/STM32F407.elf.dir/Drivers/STM32F4xx_HAL_Driver/Src/stm32f4xx_hal_uart.c.obj
 .debug_ranges  0x000008b8       0x70 CMakeFiles/STM32F407.elf.dir/Src/main.c.obj
 .debug_ranges  0x00000928       0x40 CMakeFiles/STM32F407.elf.dir/Src/stm32f4xx_hal_msp.c.obj
 .debug_ranges  0x00000968       0x68 CMakeFiles/STM32F407.elf.dir/Src/stm32f4xx_it.c.obj
 .debug_ranges  0x000009d0       0x98 CMakeFiles/STM32F407.elf.dir/Src/syscalls.c.obj
 .debug_ranges  0x00000a68       0x10 CMakeFiles/STM32F407.elf.dir/Src/sysmem.c.obj
 .debug_ranges  0x00000a78       0x18 CMakeFiles/STM32F407.elf.dir/Src/system_stm32f4xx.c.obj
 .debug_ranges  0x00000a90       0x20 CMakeFiles/STM32F407.elf.dir/Startup/startup_stm32f407vgtx.s.obj

.debug_line     0x00000000     0xee30
 .debug_line    0x00000000      0x5af CMakeFiles/STM32F407.elf.dir/Drivers/STM32F4xx_HAL_Driver/Src/stm32f4xx_hal.c.obj
 .debug_line    0x000005af      0x7db CMakeFiles/STM32F407.elf.dir/Drivers/STM32F4xx_HAL_Driver/Src/stm32f4xx_hal_cortex.c.obj
 .debug_line    0x00000d8a      0xbab CMakeFiles/STM32F407.elf.dir/Drivers/STM32F4xx_HAL_Driver/Src/stm32f4xx_hal_dcmi.c.obj
 .debug_line    0x00001935      0x2df CMakeFiles/STM32F407.elf.dir/Drivers/STM32F4xx_HAL_Driver/Src/stm32f4xx_hal_dcmi_ex.c.obj
 .debug_line    0x00001c14      0xe54 CMakeFiles/STM32F407.elf.dir/Drivers/STM32F4xx_HAL_Driver/Src/stm32f4xx_hal_dma.c.obj
 .debug_line    0x00002a68      0x710 CMakeFiles/STM32F407.elf.dir/Drivers/STM32F4xx_HAL_Driver/Src/stm32f4xx_hal_gpio.c.obj
 .debug_line    0x00003178     0x54a2 CMakeFiles/STM32F407.elf.dir/Drivers/STM32F4xx_HAL_Driver/Src/stm32f4xx_hal_i2c.c.obj
 .debug_line    0x0000861a      0xb3f CMakeFiles/STM32F407.elf.dir/Drivers/STM32F4xx_HAL_Driver/Src/stm32f4xx_hal_rcc.c.obj
 .debug_line    0x00009159     0x4305 CMakeFiles/STM32F407.elf.dir/Drivers/STM32F4xx_HAL_Driver/Src/stm32f4xx_hal_uart.c.obj
 .debug_line    0x0000d45e      0x846 CMakeFiles/STM32F407.elf.dir/Src/main.c.obj
 .debug_line    0x0000dca4      0x5a9 CMakeFiles/STM32F407.elf.dir/Src/stm32f4xx_hal_msp.c.obj
 .debug_line    0x0000e24d      0x37b CMakeFiles/STM32F407.elf.dir/Src/stm32f4xx_it.c.obj
 .debug_line    0x0000e5c8      0x3f6 CMakeFiles/STM32F407.elf.dir/Src/syscalls.c.obj
 .debug_line    0x0000e9be      0x1a5 CMakeFiles/STM32F407.elf.dir/Src/sysmem.c.obj
 .debug_line    0x0000eb63      0x232 CMakeFiles/STM32F407.elf.dir/Src/system_stm32f4xx.c.obj
 .debug_line    0x0000ed95       0x9b CMakeFiles/STM32F407.elf.dir/Startup/startup_stm32f407vgtx.s.obj

.debug_str      0x00000000     0x3ba4
 .debug_str     0x00000000      0xb1e CMakeFiles/STM32F407.elf.dir/Drivers/STM32F4xx_HAL_Driver/Src/stm32f4xx_hal.c.obj
                                0xb7c (size before relaxing)
 .debug_str     0x00000b1e      0x4da CMakeFiles/STM32F407.elf.dir/Drivers/STM32F4xx_HAL_Driver/Src/stm32f4xx_hal_cortex.c.obj
                                0xc65 (size before relaxing)
 .debug_str     0x00000ff8      0x6d2 CMakeFiles/STM32F407.elf.dir/Drivers/STM32F4xx_HAL_Driver/Src/stm32f4xx_hal_dcmi.c.obj
                                0x93c (size before relaxing)
 .debug_str     0x000016ca       0x54 CMakeFiles/STM32F407.elf.dir/Drivers/STM32F4xx_HAL_Driver/Src/stm32f4xx_hal_dcmi_ex.c.obj
                                0x68d (size before relaxing)
 .debug_str     0x0000171e      0x2f6 CMakeFiles/STM32F407.elf.dir/Drivers/STM32F4xx_HAL_Driver/Src/stm32f4xx_hal_dma.c.obj
                                0x798 (size before relaxing)
 .debug_str     0x00001a14      0x1f0 CMakeFiles/STM32F407.elf.dir/Drivers/STM32F4xx_HAL_Driver/Src/stm32f4xx_hal_gpio.c.obj
                                0x502 (size before relaxing)
 .debug_str     0x00001c04      0xb49 CMakeFiles/STM32F407.elf.dir/Drivers/STM32F4xx_HAL_Driver/Src/stm32f4xx_hal_i2c.c.obj
                               0x105f (size before relaxing)
 .debug_str     0x0000274d      0x319 CMakeFiles/STM32F407.elf.dir/Drivers/STM32F4xx_HAL_Driver/Src/stm32f4xx_hal_rcc.c.obj
                                0x728 (size before relaxing)
 .debug_str     0x00002a66      0x827 CMakeFiles/STM32F407.elf.dir/Drivers/STM32F4xx_HAL_Driver/Src/stm32f4xx_hal_uart.c.obj
                                0xdbd (size before relaxing)
 .debug_str     0x0000328d      0x4bc CMakeFiles/STM32F407.elf.dir/Src/main.c.obj
                               0x18a4 (size before relaxing)
 .debug_str     0x00003749       0x33 CMakeFiles/STM32F407.elf.dir/Src/stm32f4xx_hal_msp.c.obj
                               0x1218 (size before relaxing)
 .debug_str     0x0000377c       0xe8 CMakeFiles/STM32F407.elf.dir/Src/stm32f4xx_it.c.obj
                                0x95f (size before relaxing)
 .debug_str     0x00003864      0x212 CMakeFiles/STM32F407.elf.dir/Src/syscalls.c.obj
                                0x416 (size before relaxing)
 .debug_str     0x00003a76       0x88 CMakeFiles/STM32F407.elf.dir/Src/sysmem.c.obj
                                0x242 (size before relaxing)
 .debug_str     0x00003afe       0x5d CMakeFiles/STM32F407.elf.dir/Src/system_stm32f4xx.c.obj
                                0x33e (size before relaxing)
 .debug_str     0x00003b5b       0x49 CMakeFiles/STM32F407.elf.dir/Startup/startup_stm32f407vgtx.s.obj
                                 0x76 (size before relaxing)

.comment        0x00000000       0x49
 .comment       0x00000000       0x49 CMakeFiles/STM32F407.elf.dir/Drivers/STM32F4xx_HAL_Driver/Src/stm32f4xx_hal.c.obj
                                 0x4a (size before relaxing)
 .comment       0x00000049       0x4a CMakeFiles/STM32F407.elf.dir/Drivers/STM32F4xx_HAL_Driver/Src/stm32f4xx_hal_cortex.c.obj
 .comment       0x00000049       0x4a CMakeFiles/STM32F407.elf.dir/Drivers/STM32F4xx_HAL_Driver/Src/stm32f4xx_hal_dcmi.c.obj
 .comment       0x00000049       0x4a CMakeFiles/STM32F407.elf.dir/Drivers/STM32F4xx_HAL_Driver/Src/stm32f4xx_hal_dcmi_ex.c.obj
 .comment       0x00000049       0x4a CMakeFiles/STM32F407.elf.dir/Drivers/STM32F4xx_HAL_Driver/Src/stm32f4xx_hal_dma.c.obj
 .comment       0x00000049       0x4a CMakeFiles/STM32F407.elf.dir/Drivers/STM32F4xx_HAL_Driver/Src/stm32f4xx_hal_gpio.c.obj
 .comment       0x00000049       0x4a CMakeFiles/STM32F407.elf.dir/Drivers/STM32F4xx_HAL_Driver/Src/stm32f4xx_hal_i2c.c.obj
 .comment       0x00000049       0x4a CMakeFiles/STM32F407.elf.dir/Drivers/STM32F4xx_HAL_Driver/Src/stm32f4xx_hal_rcc.c.obj
 .comment       0x00000049       0x4a CMakeFiles/STM32F407.elf.dir/Drivers/STM32F4xx_HAL_Driver/Src/stm32f4xx_hal_uart.c.obj
 .comment       0x00000049       0x4a CMakeFiles/STM32F407.elf.dir/Src/main.c.obj
 .comment       0x00000049       0x4a CMakeFiles/STM32F407.elf.dir/Src/stm32f4xx_hal_msp.c.obj
 .comment       0x00000049       0x4a CMakeFiles/STM32F407.elf.dir/Src/stm32f4xx_it.c.obj
 .comment       0x00000049       0x4a CMakeFiles/STM32F407.elf.dir/Src/syscalls.c.obj
 .comment       0x00000049       0x4a CMakeFiles/STM32F407.elf.dir/Src/sysmem.c.obj
 .comment       0x00000049       0x4a CMakeFiles/STM32F407.elf.dir/Src/system_stm32f4xx.c.obj

.debug_frame    0x00000000     0x276c
 .debug_frame   0x00000000      0x1ec CMakeFiles/STM32F407.elf.dir/Drivers/STM32F4xx_HAL_Driver/Src/stm32f4xx_hal.c.obj
 .debug_frame   0x000001ec      0x158 CMakeFiles/STM32F407.elf.dir/Drivers/STM32F4xx_HAL_Driver/Src/stm32f4xx_hal_cortex.c.obj
 .debug_frame   0x00000344      0x1d4 CMakeFiles/STM32F407.elf.dir/Drivers/STM32F4xx_HAL_Driver/Src/stm32f4xx_hal_dcmi.c.obj
 .debug_frame   0x00000518       0x30 CMakeFiles/STM32F407.elf.dir/Drivers/STM32F4xx_HAL_Driver/Src/stm32f4xx_hal_dcmi_ex.c.obj
 .debug_frame   0x00000548      0x188 CMakeFiles/STM32F407.elf.dir/Drivers/STM32F4xx_HAL_Driver/Src/stm32f4xx_hal_dma.c.obj
 .debug_frame   0x000006d0       0xd8 CMakeFiles/STM32F407.elf.dir/Drivers/STM32F4xx_HAL_Driver/Src/stm32f4xx_hal_gpio.c.obj
 .debug_frame   0x000007a8      0x988 CMakeFiles/STM32F407.elf.dir/Drivers/STM32F4xx_HAL_Driver/Src/stm32f4xx_hal_i2c.c.obj
 .debug_frame   0x00001130      0x16c CMakeFiles/STM32F407.elf.dir/Drivers/STM32F4xx_HAL_Driver/Src/stm32f4xx_hal_rcc.c.obj
 .debug_frame   0x0000129c      0x5e4 CMakeFiles/STM32F407.elf.dir/Drivers/STM32F4xx_HAL_Driver/Src/stm32f4xx_hal_uart.c.obj
 .debug_frame   0x00001880      0x16c CMakeFiles/STM32F407.elf.dir/Src/main.c.obj
 .debug_frame   0x000019ec       0xe0 CMakeFiles/STM32F407.elf.dir/Src/stm32f4xx_hal_msp.c.obj
 .debug_frame   0x00001acc       0xf8 CMakeFiles/STM32F407.elf.dir/Src/stm32f4xx_it.c.obj
 .debug_frame   0x00001bc4      0x190 CMakeFiles/STM32F407.elf.dir/Src/syscalls.c.obj
 .debug_frame   0x00001d54       0x28 CMakeFiles/STM32F407.elf.dir/Src/sysmem.c.obj
 .debug_frame   0x00001d7c       0x30 CMakeFiles/STM32F407.elf.dir/Src/system_stm32f4xx.c.obj
 .debug_frame   0x00001dac       0x2c e:/gcc-arm-none-eabi-10.3-2021.10/bin/../lib/gcc/arm-none-eabi/10.3.1/thumb/v7e-m/nofp\libgcc.a(_aeabi_uldivmod.o)
 .debug_frame   0x00001dd8       0x34 e:/gcc-arm-none-eabi-10.3-2021.10/bin/../lib/gcc/arm-none-eabi/10.3.1/thumb/v7e-m/nofp\libgcc.a(_udivmoddi4.o)
 .debug_frame   0x00001e0c       0x20 e:/gcc-arm-none-eabi-10.3-2021.10/bin/../lib/gcc/arm-none-eabi/10.3.1/../../../../arm-none-eabi/lib/thumb/v7e-m/nofp\libg.a(lib_a-errno.o)
 .debug_frame   0x00001e2c       0x2c e:/gcc-arm-none-eabi-10.3-2021.10/bin/../lib/gcc/arm-none-eabi/10.3.1/../../../../arm-none-eabi/lib/thumb/v7e-m/nofp\libg.a(lib_a-init.o)
 .debug_frame   0x00001e58       0x2c e:/gcc-arm-none-eabi-10.3-2021.10/bin/../lib/gcc/arm-none-eabi/10.3.1/../../../../arm-none-eabi/lib/thumb/v7e-m/nofp\libg.a(lib_a-memset.o)
 .debug_frame   0x00001e84       0x4c e:/gcc-arm-none-eabi-10.3-2021.10/bin/../lib/gcc/arm-none-eabi/10.3.1/../../../../arm-none-eabi/lib/thumb/v7e-m/nofp\libg.a(lib_a-puts.o)
 .debug_frame   0x00001ed0       0x5c e:/gcc-arm-none-eabi-10.3-2021.10/bin/../lib/gcc/arm-none-eabi/10.3.1/../../../../arm-none-eabi/lib/thumb/v7e-m/nofp\libg.a(lib_a-__call_atexit.o)
 .debug_frame   0x00001f2c       0x20 e:/gcc-arm-none-eabi-10.3-2021.10/bin/../lib/gcc/arm-none-eabi/10.3.1/../../../../arm-none-eabi/lib/thumb/v7e-m/nofp\libg.a(lib_a-atexit.o)
 .debug_frame   0x00001f4c      0x154 e:/gcc-arm-none-eabi-10.3-2021.10/bin/../lib/gcc/arm-none-eabi/10.3.1/../../../../arm-none-eabi/lib/thumb/v7e-m/nofp\libg.a(lib_a-findfp.o)
 .debug_frame   0x000020a0       0x34 e:/gcc-arm-none-eabi-10.3-2021.10/bin/../lib/gcc/arm-none-eabi/10.3.1/../../../../arm-none-eabi/lib/thumb/v7e-m/nofp\libg.a(lib_a-fini.o)
 .debug_frame   0x000020d4       0x64 e:/gcc-arm-none-eabi-10.3-2021.10/bin/../lib/gcc/arm-none-eabi/10.3.1/../../../../arm-none-eabi/lib/thumb/v7e-m/nofp\libg.a(lib_a-fvwrite.o)
 .debug_frame   0x00002138       0x54 e:/gcc-arm-none-eabi-10.3-2021.10/bin/../lib/gcc/arm-none-eabi/10.3.1/../../../../arm-none-eabi/lib/thumb/v7e-m/nofp\libg.a(lib_a-fwalk.o)
 .debug_frame   0x0000218c       0xb0 e:/gcc-arm-none-eabi-10.3-2021.10/bin/../lib/gcc/arm-none-eabi/10.3.1/../../../../arm-none-eabi/lib/thumb/v7e-m/nofp\libg.a(lib_a-lock.o)
 .debug_frame   0x0000223c       0x4c e:/gcc-arm-none-eabi-10.3-2021.10/bin/../lib/gcc/arm-none-eabi/10.3.1/../../../../arm-none-eabi/lib/thumb/v7e-m/nofp\libg.a(lib_a-mallocr.o)
 .debug_frame   0x00002288       0x40 e:/gcc-arm-none-eabi-10.3-2021.10/bin/../lib/gcc/arm-none-eabi/10.3.1/../../../../arm-none-eabi/lib/thumb/v7e-m/nofp\libg.a(lib_a-memmove.o)
 .debug_frame   0x000022c8       0x30 e:/gcc-arm-none-eabi-10.3-2021.10/bin/../lib/gcc/arm-none-eabi/10.3.1/../../../../arm-none-eabi/lib/thumb/v7e-m/nofp\libg.a(lib_a-mlock.o)
 .debug_frame   0x000022f8       0x48 e:/gcc-arm-none-eabi-10.3-2021.10/bin/../lib/gcc/arm-none-eabi/10.3.1/../../../../arm-none-eabi/lib/thumb/v7e-m/nofp\libg.a(lib_a-reallocr.o)
 .debug_frame   0x00002340       0x2c e:/gcc-arm-none-eabi-10.3-2021.10/bin/../lib/gcc/arm-none-eabi/10.3.1/../../../../arm-none-eabi/lib/thumb/v7e-m/nofp\libg.a(lib_a-sbrkr.o)
 .debug_frame   0x0000236c       0x8c e:/gcc-arm-none-eabi-10.3-2021.10/bin/../lib/gcc/arm-none-eabi/10.3.1/../../../../arm-none-eabi/lib/thumb/v7e-m/nofp\libg.a(lib_a-stdio.o)
 .debug_frame   0x000023f8       0x2c e:/gcc-arm-none-eabi-10.3-2021.10/bin/../lib/gcc/arm-none-eabi/10.3.1/../../../../arm-none-eabi/lib/thumb/v7e-m/nofp\libg.a(lib_a-writer.o)
 .debug_frame   0x00002424       0x2c e:/gcc-arm-none-eabi-10.3-2021.10/bin/../lib/gcc/arm-none-eabi/10.3.1/../../../../arm-none-eabi/lib/thumb/v7e-m/nofp\libg.a(lib_a-wsetup.o)
 .debug_frame   0x00002450       0x34 e:/gcc-arm-none-eabi-10.3-2021.10/bin/../lib/gcc/arm-none-eabi/10.3.1/../../../../arm-none-eabi/lib/thumb/v7e-m/nofp\libg.a(lib_a-__atexit.o)
 .debug_frame   0x00002484       0x2c e:/gcc-arm-none-eabi-10.3-2021.10/bin/../lib/gcc/arm-none-eabi/10.3.1/../../../../arm-none-eabi/lib/thumb/v7e-m/nofp\libg.a(lib_a-closer.o)
 .debug_frame   0x000024b0       0x3c e:/gcc-arm-none-eabi-10.3-2021.10/bin/../lib/gcc/arm-none-eabi/10.3.1/../../../../arm-none-eabi/lib/thumb/v7e-m/nofp\libg.a(lib_a-fclose.o)
 .debug_frame   0x000024ec       0x70 e:/gcc-arm-none-eabi-10.3-2021.10/bin/../lib/gcc/arm-none-eabi/10.3.1/../../../../arm-none-eabi/lib/thumb/v7e-m/nofp\libg.a(lib_a-fflush.o)
 .debug_frame   0x0000255c       0x8c e:/gcc-arm-none-eabi-10.3-2021.10/bin/../lib/gcc/arm-none-eabi/10.3.1/../../../../arm-none-eabi/lib/thumb/v7e-m/nofp\libg.a(lib_a-freer.o)
 .debug_frame   0x000025e8       0x2c e:/gcc-arm-none-eabi-10.3-2021.10/bin/../lib/gcc/arm-none-eabi/10.3.1/../../../../arm-none-eabi/lib/thumb/v7e-m/nofp\libg.a(lib_a-lseekr.o)
 .debug_frame   0x00002614       0x70 e:/gcc-arm-none-eabi-10.3-2021.10/bin/../lib/gcc/arm-none-eabi/10.3.1/../../../../arm-none-eabi/lib/thumb/v7e-m/nofp\libg.a(lib_a-makebuf.o)
 .debug_frame   0x00002684       0x2c e:/gcc-arm-none-eabi-10.3-2021.10/bin/../lib/gcc/arm-none-eabi/10.3.1/../../../../arm-none-eabi/lib/thumb/v7e-m/nofp\libg.a(lib_a-readr.o)
 .debug_frame   0x000026b0       0x64 e:/gcc-arm-none-eabi-10.3-2021.10/bin/../lib/gcc/arm-none-eabi/10.3.1/../../../../arm-none-eabi/lib/thumb/v7e-m/nofp\libg.a(lib_a-reent.o)
 .debug_frame   0x00002714       0x2c e:/gcc-arm-none-eabi-10.3-2021.10/bin/../lib/gcc/arm-none-eabi/10.3.1/../../../../arm-none-eabi/lib/thumb/v7e-m/nofp\libg.a(lib_a-fstatr.o)
 .debug_frame   0x00002740       0x2c e:/gcc-arm-none-eabi-10.3-2021.10/bin/../lib/gcc/arm-none-eabi/10.3.1/../../../../arm-none-eabi/lib/thumb/v7e-m/nofp\libg.a(lib_a-isattyr.o)
